Archive member included to satisfy reference by file (symbol)

C:/Users/DrSan/Desktop/PMSM_Openloop/Middlewares/ST/ARM/DSP/Lib/libarm_cortexM4lf_math.a(arm_sin_f32.o)
                              CMakeFiles/PMSM_Openloop.elf.dir/Core/Src/main.c.obj (arm_sin_f32)
C:/Users/DrSan/Desktop/PMSM_Openloop/Middlewares/ST/ARM/DSP/Lib/libarm_cortexM4lf_math.a(arm_cos_f32.o)
                              CMakeFiles/PMSM_Openloop.elf.dir/Core/Src/main.c.obj (arm_cos_f32)
C:/Users/DrSan/Desktop/PMSM_Openloop/Middlewares/ST/ARM/DSP/Lib/libarm_cortexM4lf_math.a(arm_common_tables.o)
                              C:/Users/DrSan/Desktop/PMSM_Openloop/Middlewares/ST/ARM/DSP/Lib/libarm_cortexM4lf_math.a(arm_sin_f32.o) (sinTable_f32)
f:/gcc-arm-none-eabi/bin/../lib/gcc/arm-none-eabi/10.3.1/thumb/v7e-m+fp/hard\libgcc.a(_arm_muldf3.o)
                              CMakeFiles/PMSM_Openloop.elf.dir/Core/Src/svpwm.c.obj (__aeabi_dmul)
f:/gcc-arm-none-eabi/bin/../lib/gcc/arm-none-eabi/10.3.1/thumb/v7e-m+fp/hard\libgcc.a(_arm_addsubdf3.o)
                              CMakeFiles/PMSM_Openloop.elf.dir/Core/Src/svpwm.c.obj (__aeabi_dsub)
f:/gcc-arm-none-eabi/bin/../lib/gcc/arm-none-eabi/10.3.1/thumb/v7e-m+fp/hard\libgcc.a(_arm_muldivdf3.o)
                              CMakeFiles/PMSM_Openloop.elf.dir/Core/Src/svpwm.c.obj (__aeabi_ddiv)
f:/gcc-arm-none-eabi/bin/../lib/gcc/arm-none-eabi/10.3.1/thumb/v7e-m+fp/hard\libgcc.a(_arm_truncdfsf2.o)
                              CMakeFiles/PMSM_Openloop.elf.dir/Core/Src/svpwm.c.obj (__aeabi_d2f)
f:/gcc-arm-none-eabi/bin/../lib/gcc/arm-none-eabi/10.3.1/thumb/v7e-m+fp/hard\libgcc.a(_aeabi_uldivmod.o)
                              CMakeFiles/PMSM_Openloop.elf.dir/Drivers/STM32F4xx_HAL_Driver/Src/stm32f4xx_hal_rcc.c.obj (__aeabi_uldivmod)
f:/gcc-arm-none-eabi/bin/../lib/gcc/arm-none-eabi/10.3.1/thumb/v7e-m+fp/hard\libgcc.a(_udivmoddi4.o)
                              f:/gcc-arm-none-eabi/bin/../lib/gcc/arm-none-eabi/10.3.1/thumb/v7e-m+fp/hard\libgcc.a(_aeabi_uldivmod.o) (__udivmoddi4)
f:/gcc-arm-none-eabi/bin/../lib/gcc/arm-none-eabi/10.3.1/thumb/v7e-m+fp/hard\libgcc.a(_dvmd_tls.o)
                              f:/gcc-arm-none-eabi/bin/../lib/gcc/arm-none-eabi/10.3.1/thumb/v7e-m+fp/hard\libgcc.a(_aeabi_uldivmod.o) (__aeabi_ldiv0)
f:/gcc-arm-none-eabi/bin/../lib/gcc/arm-none-eabi/10.3.1/../../../../arm-none-eabi/lib/thumb/v7e-m+fp/hard\libg.a(lib_a-errno.o)
                              CMakeFiles/PMSM_Openloop.elf.dir/Core/Src/retarget.c.obj (__errno)
f:/gcc-arm-none-eabi/bin/../lib/gcc/arm-none-eabi/10.3.1/../../../../arm-none-eabi/lib/thumb/v7e-m+fp/hard\libg.a(lib_a-exit.o)
                              f:/gcc-arm-none-eabi/bin/../lib/gcc/arm-none-eabi/10.3.1/../../../../arm-none-eabi/lib/thumb/v7e-m+fp/hard/crt0.o (exit)
f:/gcc-arm-none-eabi/bin/../lib/gcc/arm-none-eabi/10.3.1/../../../../arm-none-eabi/lib/thumb/v7e-m+fp/hard\libg.a(lib_a-impure.o)
                              f:/gcc-arm-none-eabi/bin/../lib/gcc/arm-none-eabi/10.3.1/../../../../arm-none-eabi/lib/thumb/v7e-m+fp/hard\libg.a(lib_a-exit.o) (_global_impure_ptr)
f:/gcc-arm-none-eabi/bin/../lib/gcc/arm-none-eabi/10.3.1/../../../../arm-none-eabi/lib/thumb/v7e-m+fp/hard\libg.a(lib_a-init.o)
                              f:/gcc-arm-none-eabi/bin/../lib/gcc/arm-none-eabi/10.3.1/../../../../arm-none-eabi/lib/thumb/v7e-m+fp/hard/crt0.o (__libc_init_array)
f:/gcc-arm-none-eabi/bin/../lib/gcc/arm-none-eabi/10.3.1/../../../../arm-none-eabi/lib/thumb/v7e-m+fp/hard\libg.a(lib_a-memset.o)
                              f:/gcc-arm-none-eabi/bin/../lib/gcc/arm-none-eabi/10.3.1/../../../../arm-none-eabi/lib/thumb/v7e-m+fp/hard/crt0.o (memset)
f:/gcc-arm-none-eabi/bin/../lib/gcc/arm-none-eabi/10.3.1/../../../../arm-none-eabi/lib/thumb/v7e-m+fp/hard\libg.a(lib_a-printf.o)
                              CMakeFiles/PMSM_Openloop.elf.dir/Core/Src/main.c.obj (printf)
f:/gcc-arm-none-eabi/bin/../lib/gcc/arm-none-eabi/10.3.1/../../../../arm-none-eabi/lib/thumb/v7e-m+fp/hard\libg.a(lib_a-setvbuf.o)
                              CMakeFiles/PMSM_Openloop.elf.dir/Core/Src/retarget.c.obj (setvbuf)
f:/gcc-arm-none-eabi/bin/../lib/gcc/arm-none-eabi/10.3.1/../../../../arm-none-eabi/lib/thumb/v7e-m+fp/hard\libg.a(lib_a-vfprintf.o)
                              f:/gcc-arm-none-eabi/bin/../lib/gcc/arm-none-eabi/10.3.1/../../../../arm-none-eabi/lib/thumb/v7e-m+fp/hard\libg.a(lib_a-printf.o) (_vfprintf_r)
f:/gcc-arm-none-eabi/bin/../lib/gcc/arm-none-eabi/10.3.1/../../../../arm-none-eabi/lib/thumb/v7e-m+fp/hard\libg.a(lib_a-wsetup.o)
                              f:/gcc-arm-none-eabi/bin/../lib/gcc/arm-none-eabi/10.3.1/../../../../arm-none-eabi/lib/thumb/v7e-m+fp/hard\libg.a(lib_a-vfprintf.o) (__swsetup_r)
f:/gcc-arm-none-eabi/bin/../lib/gcc/arm-none-eabi/10.3.1/../../../../arm-none-eabi/lib/thumb/v7e-m+fp/hard\libg.a(lib_a-__call_atexit.o)
[...]
Memory Configuration

Name             Origin             Length             Attributes
CCMRAM           0x10000000         0x00010000         xrw
RAM              0x20000000         0x00020000         xrw
FLASH            0x08000000         0x00100000         xr
*default*        0x00000000         0xffffffff

Linker script and memory map

LOAD f:/gcc-arm-none-eabi/bin/../lib/gcc/arm-none-eabi/10.3.1/thumb/v7e-m+fp/hard/crti.o
LOAD f:/gcc-arm-none-eabi/bin/../lib/gcc/arm-none-eabi/10.3.1/thumb/v7e-m+fp/hard/crtbegin.o
LOAD f:/gcc-arm-none-eabi/bin/../lib/gcc/arm-none-eabi/10.3.1/../../../../arm-none-eabi/lib/thumb/v7e-m+fp/hard/crt0.o
LOAD CMakeFiles/PMSM_Openloop.elf.dir/Core/Src/adc.c.obj
LOAD CMakeFiles/PMSM_Openloop.elf.dir/Core/Src/dma.c.obj
LOAD CMakeFiles/PMSM_Openloop.elf.dir/Core/Src/gpio.c.obj
LOAD CMakeFiles/PMSM_Openloop.elf.dir/Core/Src/main.c.obj
LOAD CMakeFiles/PMSM_Openloop.elf.dir/Core/Src/retarget.c.obj
LOAD CMakeFiles/PMSM_Openloop.elf.dir/Core/Src/stm32f4xx_hal_msp.c.obj
LOAD CMakeFiles/PMSM_Openloop.elf.dir/Core/Src/stm32f4xx_it.c.obj
LOAD CMakeFiles/PMSM_Openloop.elf.dir/Core/Src/svpwm.c.obj
LOAD CMakeFiles/PMSM_Openloop.elf.dir/Core/Src/syscalls.c.obj
LOAD CMakeFiles/PMSM_Openloop.elf.dir/Core/Src/sysmem.c.obj
LOAD CMakeFiles/PMSM_Openloop.elf.dir/Core/Src/system_stm32f4xx.c.obj
LOAD CMakeFiles/PMSM_Openloop.elf.dir/Core/Src/tim.c.obj
LOAD CMakeFiles/PMSM_Openloop.elf.dir/Core/Src/usart.c.obj
LOAD CMakeFiles/PMSM_Openloop.elf.dir/Core/Startup/startup_stm32f407zgtx.s.obj
LOAD CMakeFiles/PMSM_Openloop.elf.dir/Drivers/STM32F4xx_HAL_Driver/Src/stm32f4xx_hal.c.obj
LOAD CMakeFiles/PMSM_Openloop.elf.dir/Drivers/STM32F4xx_HAL_Driver/Src/stm32f4xx_hal_adc.c.obj
LOAD CMakeFiles/PMSM_Openloop.elf.dir/Drivers/STM32F4xx_HAL_Driver/Src/stm32f4xx_hal_adc_ex.c.obj
LOAD CMakeFiles/PMSM_Openloop.elf.dir/Drivers/STM32F4xx_HAL_Driver/Src/stm32f4xx_hal_cortex.c.obj
LOAD CMakeFiles/PMSM_Openloop.elf.dir/Drivers/STM32F4xx_HAL_Driver/Src/stm32f4xx_hal_dma.c.obj
LOAD CMakeFiles/PMSM_Openloop.elf.dir/Drivers/STM32F4xx_HAL_Driver/Src/stm32f4xx_hal_dma_ex.c.obj
LOAD CMakeFiles/PMSM_Openloop.elf.dir/Drivers/STM32F4xx_HAL_Driver/Src/stm32f4xx_hal_exti.c.obj
LOAD CMakeFiles/PMSM_Openloop.elf.dir/Drivers/STM32F4xx_HAL_Driver/Src/stm32f4xx_hal_flash.c.obj
LOAD CMakeFiles/PMSM_Openloop.elf.dir/Drivers/STM32F4xx_HAL_Driver/Src/stm32f4xx_hal_flash_ex.c.obj
LOAD CMakeFiles/PMSM_Openloop.elf.dir/Drivers/STM32F4xx_HAL_Driver/Src/stm32f4xx_hal_flash_ramfunc.c.obj
LOAD CMakeFiles/PMSM_Openloop.elf.dir/Drivers/STM32F4xx_HAL_Driver/Src/stm32f4xx_hal_gpio.c.obj
LOAD CMakeFiles/PMSM_Openloop.elf.dir/Drivers/STM32F4xx_HAL_Driver/Src/stm32f4xx_hal_pwr.c.obj
LOAD CMakeFiles/PMSM_Openloop.elf.dir/Drivers/STM32F4xx_HAL_Driver/Src/stm32f4xx_hal_pwr_ex.c.obj
LOAD CMakeFiles/PMSM_Openloop.elf.dir/Drivers/STM32F4xx_HAL_Driver/Src/stm32f4xx_hal_rcc.c.obj
LOAD CMakeFiles/PMSM_Openloop.elf.dir/Drivers/STM32F4xx_HAL_Driver/Src/stm32f4xx_hal_rcc_ex.c.obj
LOAD CMakeFiles/PMSM_Openloop.elf.dir/Drivers/STM32F4xx_HAL_Driver/Src/stm32f4xx_hal_tim.c.obj
LOAD CMakeFiles/PMSM_Openloop.elf.dir/Drivers/STM32F4xx_HAL_Driver/Src/stm32f4xx_hal_tim_ex.c.obj
LOAD CMakeFiles/PMSM_Openloop.elf.dir/Drivers/STM32F4xx_HAL_Driver/Src/stm32f4xx_hal_uart.c.obj
LOAD CMakeFiles/PMSM_Openloop.elf.dir/Drivers/STM32F4xx_HAL_Driver/Src/stm32f4xx_ll_adc.c.obj
LOAD C:/Users/DrSan/Desktop/PMSM_Openloop/Middlewares/ST/ARM/DSP/Lib/libarm_cortexM4lf_math.a
START GROUP
LOAD f:/gcc-arm-none-eabi/bin/../lib/gcc/arm-none-eabi/10.3.1/thumb/v7e-m+fp/hard\libgcc.a
LOAD f:/gcc-arm-none-eabi/bin/../lib/gcc/arm-none-eabi/10.3.1/../../../../arm-none-eabi/lib/thumb/v7e-m+fp/hard\libg.a
LOAD f:/gcc-arm-none-eabi/bin/../lib/gcc/arm-none-eabi/10.3.1/../../../../arm-none-eabi/lib/thumb/v7e-m+fp/hard\libc.a
END GROUP
LOAD f:/gcc-arm-none-eabi/bin/../lib/gcc/arm-none-eabi/10.3.1/thumb/v7e-m+fp/hard/crtend.o
LOAD f:/gcc-arm-none-eabi/bin/../lib/gcc/arm-none-eabi/10.3.1/thumb/v7e-m+fp/hard/crtn.o
                0x20020000                _estack = (ORIGIN (RAM) + LENGTH (RAM))
                0x00000200                _Min_Heap_Size = 0x200
                0x00000400                _Min_Stack_Size = 0x400

.isr_vector     0x08000000      0x188
                0x08000000                . = ALIGN (0x4)
 *(.isr_vector)
 .isr_vector    0x08000000      0x188 CMakeFiles/PMSM_Openloop.elf.dir/Core/Startup/startup_stm32f407zgtx.s.obj
                0x08000000                g_pfnVectors
                0x08000188                . = ALIGN (0x4)

.text           0x080001c0     0xa7f8
                0x080001c0                . = ALIGN (0x4)
 *(.text)
 .text          0x080001c0       0x40 f:/gcc-arm-none-eabi/bin/../lib/gcc/arm-none-eabi/10.3.1/thumb/v7e-m+fp/hard/crtbegin.o
 .text          0x08000200      0x378 f:/gcc-arm-none-eabi/bin/../lib/gcc/arm-none-eabi/10.3.1/thumb/v7e-m+fp/hard\libgcc.a(_arm_addsubdf3.o)
                0x08000200                __aeabi_drsub
                0x08000208                __aeabi_dsub
                0x08000208                __subdf3
                0x0800020c                __aeabi_dadd
                0x0800020c                __adddf3
                0x08000484                __floatunsidf
                0x08000484                __aeabi_ui2d
                0x080004a4                __floatsidf
                0x080004a4                __aeabi_i2d
                0x080004c8                __aeabi_f2d
                0x080004c8                __extendsfdf2
                0x0800050c                __floatundidf
                0x0800050c                __aeabi_ul2d
                0x0800051c                __floatdidf
                0x0800051c                __aeabi_l2d
 .text          0x08000578      0x424 f:/gcc-arm-none-eabi/bin/../lib/gcc/arm-none-eabi/10.3.1/thumb/v7e-m+fp/hard\libgcc.a(_arm_muldivdf3.o)
                0x08000578                __aeabi_dmul
                0x08000578                __muldf3
                0x080007cc                __divdf3
                0x080007cc                __aeabi_ddiv
 .text          0x0800099c       0xa0 f:/gcc-arm-none-eabi/bin/../lib/gcc/arm-none-eabi/10.3.1/thumb/v7e-m+fp/hard\libgcc.a(_arm_truncdfsf2.o)
                0x0800099c                __truncdfsf2
                0x0800099c                __aeabi_d2f
 .text          0x08000a3c       0x30 f:/gcc-arm-none-eabi/bin/../lib/gcc/arm-none-eabi/10.3.1/thumb/v7e-m+fp/hard\libgcc.a(_aeabi_uldivmod.o)
                0x08000a3c                __aeabi_uldivmod
 .text          0x08000a6c      0x2d0 f:/gcc-arm-none-eabi/bin/../lib/gcc/arm-none-eabi/10.3.1/thumb/v7e-m+fp/hard\libgcc.a(_udivmoddi4.o)
                0x08000a6c                __udivmoddi4
 .text          0x08000d3c        0x4 f:/gcc-arm-none-eabi/bin/../lib/gcc/arm-none-eabi/10.3.1/thumb/v7e-m+fp/hard\libgcc.a(_dvmd_tls.o)
                0x08000d3c                __aeabi_idiv0
                0x08000d3c                __aeabi_ldiv0
 .text          0x08000d40       0xa0 f:/gcc-arm-none-eabi/bin/../lib/gcc/arm-none-eabi/10.3.1/../../../../arm-none-eabi/lib/thumb/v7e-m+fp/hard\libg.a(lib_a-memchr.o)
                0x08000d40                memchr
 .text          0x08000de0      0x134 f:/gcc-arm-none-eabi/bin/../lib/gcc/arm-none-eabi/10.3.1/../../../../arm-none-eabi/lib/thumb/v7e-m+fp/hard\libg.a(lib_a-memcpy.o)
                0x08000de0                memcpy
 *fill*         0x08000f14       0x2c 
 .text          0x08000f40       0xdc f:/gcc-arm-none-eabi/bin/../lib/gcc/arm-none-eabi/10.3.1/../../../../arm-none-eabi/lib/thumb/v7e-m+fp/hard\libg.a(lib_a-strlen.o)
                0x08000f40                strlen
 .text          0x0800101c      0x110 f:/gcc-arm-none-eabi/bin/../lib/gcc/arm-none-eabi/10.3.1/thumb/v7e-m+fp/hard\libgcc.a(_arm_cmpdf2.o)
                0x0800101c                __gtdf2
                0x0800101c                __gedf2
                0x08001024                __ltdf2
                0x08001024                __ledf2
                0x0800102c                __nedf2
                0x0800102c                __eqdf2
                0x0800102c                __cmpdf2
                0x080010a8                __aeabi_cdrcmple
                0x080010b8                __aeabi_cdcmpeq
                0x080010b8                __aeabi_cdcmple
                0x080010c8                __aeabi_dcmpeq
                0x080010dc                __aeabi_dcmplt
                0x080010f0                __aeabi_dcmple
                0x08001104                __aeabi_dcmpge
                0x08001118                __aeabi_dcmpgt
 .text          0x0800112c       0x2c f:/gcc-arm-none-eabi/bin/../lib/gcc/arm-none-eabi/10.3.1/thumb/v7e-m+fp/hard\libgcc.a(_arm_unorddf2.o)
                0x0800112c                __unorddf2
                0x0800112c                __aeabi_dcmpun
 .text          0x08001158       0x50 f:/gcc-arm-none-eabi/bin/../lib/gcc/arm-none-eabi/10.3.1/thumb/v7e-m+fp/hard\libgcc.a(_arm_fixdfsi.o)
                0x08001158                __aeabi_d2iz
                0x08001158                __fixdfsi
 *(.text*)
 .text.MX_ADC2_Init
                0x080011a8       0x70 CMakeFiles/PMSM_Openloop.elf.dir/Core/Src/adc.c.obj
                0x080011a8                MX_ADC2_Init
 .text.MX_ADC3_Init
                0x08001218       0x70 CMakeFiles/PMSM_Openloop.elf.dir/Core/Src/adc.c.obj
                0x08001218                MX_ADC3_Init
 .text.HAL_ADC_MspInit
                0x08001288      0x13c CMakeFiles/PMSM_Openloop.elf.dir/Core/Src/adc.c.obj
                0x08001288                HAL_ADC_MspInit
 .text.MX_DMA_Init
                0x080013c4       0x44 CMakeFiles/PMSM_Openloop.elf.dir/Core/Src/dma.c.obj
                0x080013c4                MX_DMA_Init
 .text.MX_GPIO_Init
                0x08001408      0x130 CMakeFiles/PMSM_Openloop.elf.dir/Core/Src/gpio.c.obj
                0x08001408                MX_GPIO_Init
 .text.HAL_ADC_ConvCpltCallback
                0x08001538      0x290 CMakeFiles/PMSM_Openloop.elf.dir/Core/Src/main.c.obj
                0x08001538                HAL_ADC_ConvCpltCallback
 .text.HAL_GPIO_EXTI_Callback
                0x080017c8       0x28 CMakeFiles/PMSM_Openloop.elf.dir/Core/Src/main.c.obj
                0x080017c8                HAL_GPIO_EXTI_Callback
 .text.Error_Handler
                0x080017f0        0x4 CMakeFiles/PMSM_Openloop.elf.dir/Core/Src/main.c.obj
                0x080017f0                Error_Handler
 .text.SystemClock_Config
                0x080017f4       0xac CMakeFiles/PMSM_Openloop.elf.dir/Core/Src/main.c.obj
                0x080017f4                SystemClock_Config
 .text.main     0x080018a0      0x1c8 CMakeFiles/PMSM_Openloop.elf.dir/Core/Src/main.c.obj
                0x080018a0                main
 .text.mystdioInit
                0x08001a68       0x20 CMakeFiles/PMSM_Openloop.elf.dir/Core/Src/retarget.c.obj
                0x08001a68                mystdioInit
 .text._isatty  0x08001a88       0x16 CMakeFiles/PMSM_Openloop.elf.dir/Core/Src/retarget.c.obj
                0x08001a88                _isatty
 *fill*         0x08001a9e        0x2 
 .text._write   0x08001aa0       0x34 CMakeFiles/PMSM_Openloop.elf.dir/Core/Src/retarget.c.obj
                0x08001aa0                _write
 .text._close   0x08001ad4       0x18 CMakeFiles/PMSM_Openloop.elf.dir/Core/Src/retarget.c.obj
                0x08001ad4                _close
 .text._lseek   0x08001aec       0x10 CMakeFiles/PMSM_Openloop.elf.dir/Core/Src/retarget.c.obj
                0x08001aec                _lseek
 .text._read    0x08001afc       0x30 CMakeFiles/PMSM_Openloop.elf.dir/Core/Src/retarget.c.obj
                0x08001afc                _read
 .text._fstat   0x08001b2c       0x1a CMakeFiles/PMSM_Openloop.elf.dir/Core/Src/retarget.c.obj
                0x08001b2c                _fstat
 *fill*         0x08001b46        0x2 
 .text.HAL_MspInit
                0x08001b48       0x38 CMakeFiles/PMSM_Openloop.elf.dir/Core/Src/stm32f4xx_hal_msp.c.obj
                0x08001b48                HAL_MspInit
 .text.NMI_Handler
                0x08001b80        0x8 CMakeFiles/PMSM_Openloop.elf.dir/Core/Src/stm32f4xx_it.c.obj
                0x08001b80                NMI_Handler
 .text.HardFault_Handler
                0x08001b88        0x2 CMakeFiles/PMSM_Openloop.elf.dir/Core/Src/stm32f4xx_it.c.obj
                0x08001b88                HardFault_Handler
 .text.MemManage_Handler
                0x08001b8a        0x2 CMakeFiles/PMSM_Openloop.elf.dir/Core/Src/stm32f4xx_it.c.obj
                0x08001b8a                MemManage_Handler
 .text.BusFault_Handler
                0x08001b8c        0x2 CMakeFiles/PMSM_Openloop.elf.dir/Core/Src/stm32f4xx_it.c.obj
                0x08001b8c                BusFault_Handler
 .text.UsageFault_Handler
                0x08001b8e        0x2 CMakeFiles/PMSM_Openloop.elf.dir/Core/Src/stm32f4xx_it.c.obj
                0x08001b8e                UsageFault_Handler
 .text.SVC_Handler
                0x08001b90        0x2 CMakeFiles/PMSM_Openloop.elf.dir/Core/Src/stm32f4xx_it.c.obj
                0x08001b90                SVC_Handler
 .text.DebugMon_Handler
                0x08001b92        0x2 CMakeFiles/PMSM_Openloop.elf.dir/Core/Src/stm32f4xx_it.c.obj
                0x08001b92                DebugMon_Handler
 .text.PendSV_Handler
                0x08001b94        0x2 CMakeFiles/PMSM_Openloop.elf.dir/Core/Src/stm32f4xx_it.c.obj
                0x08001b94                PendSV_Handler
 .text.SysTick_Handler
                0x08001b96        0x8 CMakeFiles/PMSM_Openloop.elf.dir/Core/Src/stm32f4xx_it.c.obj
                0x08001b96                SysTick_Handler
 .text.EXTI3_IRQHandler
                0x08001b9e        0xa CMakeFiles/PMSM_Openloop.elf.dir/Core/Src/stm32f4xx_it.c.obj
                0x08001b9e                EXTI3_IRQHandler
 .text.EXTI9_5_IRQHandler
                0x08001ba8        0xc CMakeFiles/PMSM_Openloop.elf.dir/Core/Src/stm32f4xx_it.c.obj
                0x08001ba8                EXTI9_5_IRQHandler
 .text.DMA2_Stream0_IRQHandler
                0x08001bb4       0x10 CMakeFiles/PMSM_Openloop.elf.dir/Core/Src/stm32f4xx_it.c.obj
                0x08001bb4                DMA2_Stream0_IRQHandler
 .text.DMA2_Stream2_IRQHandler
                0x08001bc4       0x10 CMakeFiles/PMSM_Openloop.elf.dir/Core/Src/stm32f4xx_it.c.obj
                0x08001bc4                DMA2_Stream2_IRQHandler
 *fill*         0x08001bd4        0x4 
 .text.svpwm    0x08001bd8      0x274 CMakeFiles/PMSM_Openloop.elf.dir/Core/Src/svpwm.c.obj
                0x08001bd8                svpwm
 .text._getpid  0x08001e4c        0x4 CMakeFiles/PMSM_Openloop.elf.dir/Core/Src/syscalls.c.obj
                0x08001e4c                _getpid
 .text._kill    0x08001e50       0x10 CMakeFiles/PMSM_Openloop.elf.dir/Core/Src/syscalls.c.obj
                0x08001e50                _kill
 .text._exit    0x08001e60        0xc CMakeFiles/PMSM_Openloop.elf.dir/Core/Src/syscalls.c.obj
                0x08001e60                _exit
 .text._sbrk    0x08001e6c       0x48 CMakeFiles/PMSM_Openloop.elf.dir/Core/Src/sysmem.c.obj
                0x08001e6c                _sbrk
 .text.SystemInit
                0x08001eb4       0x14 CMakeFiles/PMSM_Openloop.elf.dir/Core/Src/system_stm32f4xx.c.obj
                0x08001eb4                SystemInit
 .text.MX_TIM1_Init
                0x08001ec8       0x64 CMakeFiles/PMSM_Openloop.elf.dir/Core/Src/tim.c.obj
                0x08001ec8                MX_TIM1_Init
 .text.HAL_TIM_Encoder_MspInit
                0x08001f2c       0x6c CMakeFiles/PMSM_Openloop.elf.dir/Core/Src/tim.c.obj
                0x08001f2c                HAL_TIM_Encoder_MspInit
 .text.HAL_TIM_Base_MspInit
                0x08001f98       0x30 CMakeFiles/PMSM_Openloop.elf.dir/Core/Src/tim.c.obj
                0x08001f98                HAL_TIM_Base_MspInit
 .text.HAL_TIM_MspPostInit
                0x08001fc8       0xb4 CMakeFiles/PMSM_Openloop.elf.dir/Core/Src/tim.c.obj
                0x08001fc8                HAL_TIM_MspPostInit
 .text.MX_TIM8_Init
                0x0800207c      0x14c CMakeFiles/PMSM_Openloop.elf.dir/Core/Src/tim.c.obj
                0x0800207c                MX_TIM8_Init
 .text.MX_USART1_UART_Init
                0x080021c8       0x34 CMakeFiles/PMSM_Openloop.elf.dir/Core/Src/usart.c.obj
                0x080021c8                MX_USART1_UART_Init
 .text.HAL_UART_MspInit
                0x080021fc       0x74 CMakeFiles/PMSM_Openloop.elf.dir/Core/Src/usart.c.obj
                0x080021fc                HAL_UART_MspInit
 .text.Reset_Handler
                0x08002270       0x50 CMakeFiles/PMSM_Openloop.elf.dir/Core/Startup/startup_stm32f407zgtx.s.obj
                0x08002270                Reset_Handler
 .text.Default_Handler
                0x080022c0        0x2 CMakeFiles/PMSM_Openloop.elf.dir/Core/Startup/startup_stm32f407zgtx.s.obj
                0x080022c0                RTC_Alarm_IRQHandler
                0x080022c0                HASH_RNG_IRQHandler
                0x080022c0                EXTI2_IRQHandler
                0x080022c0                TIM8_CC_IRQHandler
                0x080022c0                TIM1_CC_IRQHandler
                0x080022c0                DMA2_Stream5_IRQHandler
                0x080022c0                DMA1_Stream5_IRQHandler
                0x080022c0                PVD_IRQHandler
                0x080022c0                SDIO_IRQHandler
                0x080022c0                TAMP_STAMP_IRQHandler
                0x080022c0                CAN2_RX1_IRQHandler
                0x080022c0                TIM8_TRG_COM_TIM14_IRQHandler
                0x080022c0                TIM1_UP_TIM10_IRQHandler
                0x080022c0                TIM8_UP_TIM13_IRQHandler
                0x080022c0                I2C3_ER_IRQHandler
                0x080022c0                EXTI0_IRQHandler
                0x080022c0                I2C2_EV_IRQHandler
                0x080022c0                DMA1_Stream2_IRQHandler
                0x080022c0                CAN1_RX0_IRQHandler
                0x080022c0                FPU_IRQHandler
                0x080022c0                OTG_HS_WKUP_IRQHandler
                0x080022c0                CAN2_SCE_IRQHandler
                0x080022c0                SPI1_IRQHandler
                0x080022c0                TIM6_DAC_IRQHandler
                0x080022c0                TIM1_BRK_TIM9_IRQHandler
                0x080022c0                DCMI_IRQHandler
                0x080022c0                CAN2_RX0_IRQHandler
                0x080022c0                DMA2_Stream3_IRQHandler
                0x080022c0                USART6_IRQHandler
                0x080022c0                USART3_IRQHandler
                0x080022c0                CAN1_RX1_IRQHandler
                0x080022c0                UART5_IRQHandler
                0x080022c0                TIM4_IRQHandler
                0x080022c0                I2C1_EV_IRQHandler
                0x080022c0                DMA1_Stream6_IRQHandler
                0x080022c0                DMA1_Stream1_IRQHandler
                0x080022c0                UART4_IRQHandler
                0x080022c0                TIM3_IRQHandler
                0x080022c0                RCC_IRQHandler
                0x080022c0                TIM8_BRK_TIM12_IRQHandler
                0x080022c0                Default_Handler
                0x080022c0                EXTI15_10_IRQHandler
                0x080022c0                ADC_IRQHandler
                0x080022c0                DMA1_Stream7_IRQHandler
                0x080022c0                TIM7_IRQHandler
                0x080022c0                CAN2_TX_IRQHandler
                0x080022c0                TIM5_IRQHandler
                0x080022c0                DMA2_Stream7_IRQHandler
                0x080022c0                I2C3_EV_IRQHandler
                0x080022c0                RTC_WKUP_IRQHandler
                0x080022c0                ETH_WKUP_IRQHandler
                0x080022c0                SPI2_IRQHandler
                0x080022c0                OTG_HS_EP1_IN_IRQHandler
                0x080022c0                DMA1_Stream0_IRQHandler
                0x080022c0                CAN1_TX_IRQHandler
                0x080022c0                EXTI4_IRQHandler
                0x080022c0                FSMC_IRQHandler
                0x080022c0                ETH_IRQHandler
                0x080022c0                OTG_HS_EP1_OUT_IRQHandler
                0x080022c0                WWDG_IRQHandler
                0x080022c0                TIM2_IRQHandler
                0x080022c0                OTG_FS_WKUP_IRQHandler
                0x080022c0                TIM1_TRG_COM_TIM11_IRQHandler
                0x080022c0                OTG_HS_IRQHandler
                0x080022c0                EXTI1_IRQHandler
                0x080022c0                USART2_IRQHandler
                0x080022c0                I2C2_ER_IRQHandler
                0x080022c0                DMA2_Stream1_IRQHandler
                0x080022c0                CAN1_SCE_IRQHandler
                0x080022c0                FLASH_IRQHandler
                0x080022c0                DMA2_Stream4_IRQHandler
                0x080022c0                USART1_IRQHandler
                0x080022c0                OTG_FS_IRQHandler
                0x080022c0                SPI3_IRQHandler
                0x080022c0                DMA1_Stream4_IRQHandler
                0x080022c0                I2C1_ER_IRQHandler
                0x080022c0                DMA2_Stream6_IRQHandler
                0x080022c0                DMA1_Stream3_IRQHandler
 *fill*         0x080022c2        0x2 
 .text.HAL_InitTick
                0x080022c4       0x4c CMakeFiles/PMSM_Openloop.elf.dir/Drivers/STM32F4xx_HAL_Driver/Src/stm32f4xx_hal.c.obj
                0x080022c4                HAL_InitTick
 .text.HAL_Init
                0x08002310       0x34 CMakeFiles/PMSM_Openloop.elf.dir/Drivers/STM32F4xx_HAL_Driver/Src/stm32f4xx_hal.c.obj
                0x08002310                HAL_Init
 .text.HAL_IncTick
                0x08002344       0x18 CMakeFiles/PMSM_Openloop.elf.dir/Drivers/STM32F4xx_HAL_Driver/Src/stm32f4xx_hal.c.obj
                0x08002344                HAL_IncTick
 .text.HAL_GetTick
                0x0800235c        0xc CMakeFiles/PMSM_Openloop.elf.dir/Drivers/STM32F4xx_HAL_Driver/Src/stm32f4xx_hal.c.obj
                0x0800235c                HAL_GetTick
 .text.ADC_Init
                0x08002368      0x134 CMakeFiles/PMSM_Openloop.elf.dir/Drivers/STM32F4xx_HAL_Driver/Src/stm32f4xx_hal_adc.c.obj
 .text.HAL_ADC_Init
                0x0800249c       0x56 CMakeFiles/PMSM_Openloop.elf.dir/Drivers/STM32F4xx_HAL_Driver/Src/stm32f4xx_hal_adc.c.obj
                0x0800249c                HAL_ADC_Init
 *fill*         0x080024f2        0x2 
 .text.HAL_ADC_Start_DMA
                0x080024f4      0x19c CMakeFiles/PMSM_Openloop.elf.dir/Drivers/STM32F4xx_HAL_Driver/Src/stm32f4xx_hal_adc.c.obj
                0x080024f4                HAL_ADC_Start_DMA
 .text.HAL_ADC_ConvHalfCpltCallback
                0x08002690        0x2 CMakeFiles/PMSM_Openloop.elf.dir/Drivers/STM32F4xx_HAL_Driver/Src/stm32f4xx_hal_adc.c.obj
                0x08002690                HAL_ADC_ConvHalfCpltCallback
 .text.ADC_DMAHalfConvCplt
                0x08002692        0xa CMakeFiles/PMSM_Openloop.elf.dir/Drivers/STM32F4xx_HAL_Driver/Src/stm32f4xx_hal_adc.c.obj
 .text.HAL_ADC_ErrorCallback
                0x0800269c        0x2 CMakeFiles/PMSM_Openloop.elf.dir/Drivers/STM32F4xx_HAL_Driver/Src/stm32f4xx_hal_adc.c.obj
                0x0800269c                HAL_ADC_ErrorCallback
 .text.ADC_DMAError
                0x0800269e       0x16 CMakeFiles/PMSM_Openloop.elf.dir/Drivers/STM32F4xx_HAL_Driver/Src/stm32f4xx_hal_adc.c.obj
 .text.ADC_DMAConvCplt
                0x080026b4       0x72 CMakeFiles/PMSM_Openloop.elf.dir/Drivers/STM32F4xx_HAL_Driver/Src/stm32f4xx_hal_adc.c.obj
 *fill*         0x08002726        0x2 
 .text.HAL_ADC_ConfigChannel
                0x08002728      0x198 CMakeFiles/PMSM_Openloop.elf.dir/Drivers/STM32F4xx_HAL_Driver/Src/stm32f4xx_hal_adc.c.obj
                0x08002728                HAL_ADC_ConfigChannel
 .text.HAL_NVIC_SetPriorityGrouping
                0x080028c0       0x24 CMakeFiles/PMSM_Openloop.elf.dir/Drivers/STM32F4xx_HAL_Driver/Src/stm32f4xx_hal_cortex.c.obj
                0x080028c0                HAL_NVIC_SetPriorityGrouping
 .text.HAL_NVIC_SetPriority
                0x080028e4       0x70 CMakeFiles/PMSM_Openloop.elf.dir/Drivers/STM32F4xx_HAL_Driver/Src/stm32f4xx_hal_cortex.c.obj
                0x080028e4                HAL_NVIC_SetPriority
 .text.HAL_NVIC_EnableIRQ
                0x08002954       0x1c CMakeFiles/PMSM_Openloop.elf.dir/Drivers/STM32F4xx_HAL_Driver/Src/stm32f4xx_hal_cortex.c.obj
                0x08002954                HAL_NVIC_EnableIRQ
 .text.HAL_SYSTICK_Config
                0x08002970       0x28 CMakeFiles/PMSM_Openloop.elf.dir/Drivers/STM32F4xx_HAL_Driver/Src/stm32f4xx_hal_cortex.c.obj
                0x08002970                HAL_SYSTICK_Config
 .text.DMA_SetConfig
                0x08002998       0x2c CMakeFiles/PMSM_Openloop.elf.dir/Drivers/STM32F4xx_HAL_Driver/Src/stm32f4xx_hal_dma.c.obj
 .text.DMA_CalcBaseAndBitshift
                0x080029c4       0x44 CMakeFiles/PMSM_Openloop.elf.dir/Drivers/STM32F4xx_HAL_Driver/Src/stm32f4xx_hal_dma.c.obj
 .text.DMA_CheckFifoParam
                0x08002a08       0x8e CMakeFiles/PMSM_Openloop.elf.dir/Drivers/STM32F4xx_HAL_Driver/Src/stm32f4xx_hal_dma.c.obj
 *fill*         0x08002a96        0x2 
 .text.HAL_DMA_Init
                0x08002a98       0xcc CMakeFiles/PMSM_Openloop.elf.dir/Drivers/STM32F4xx_HAL_Driver/Src/stm32f4xx_hal_dma.c.obj
                0x08002a98                HAL_DMA_Init
 .text.HAL_DMA_Start_IT
                0x08002b64       0x6a CMakeFiles/PMSM_Openloop.elf.dir/Drivers/STM32F4xx_HAL_Driver/Src/stm32f4xx_hal_dma.c.obj
                0x08002b64                HAL_DMA_Start_IT
 *fill*         0x08002bce        0x2 
 .text.HAL_DMA_IRQHandler
                0x08002bd0      0x1dc CMakeFiles/PMSM_Openloop.elf.dir/Drivers/STM32F4xx_HAL_Driver/Src/stm32f4xx_hal_dma.c.obj
                0x08002bd0                HAL_DMA_IRQHandler
 .text.HAL_GPIO_Init
                0x08002dac      0x1e4 CMakeFiles/PMSM_Openloop.elf.dir/Drivers/STM32F4xx_HAL_Driver/Src/stm32f4xx_hal_gpio.c.obj
                0x08002dac                HAL_GPIO_Init
 .text.HAL_GPIO_WritePin
                0x08002f90        0xc CMakeFiles/PMSM_Openloop.elf.dir/Drivers/STM32F4xx_HAL_Driver/Src/stm32f4xx_hal_gpio.c.obj
                0x08002f90                HAL_GPIO_WritePin
 .text.HAL_GPIO_TogglePin
                0x08002f9c       0x12 CMakeFiles/PMSM_Openloop.elf.dir/Drivers/STM32F4xx_HAL_Driver/Src/stm32f4xx_hal_gpio.c.obj
                0x08002f9c                HAL_GPIO_TogglePin
 *fill*         0x08002fae        0x2 
 .text.HAL_GPIO_EXTI_IRQHandler
                0x08002fb0       0x1c CMakeFiles/PMSM_Openloop.elf.dir/Drivers/STM32F4xx_HAL_Driver/Src/stm32f4xx_hal_gpio.c.obj
                0x08002fb0                HAL_GPIO_EXTI_IRQHandler
 .text.HAL_RCC_OscConfig
                0x08002fcc      0x3f8 CMakeFiles/PMSM_Openloop.elf.dir/Drivers/STM32F4xx_HAL_Driver/Src/stm32f4xx_hal_rcc.c.obj
                0x08002fcc                HAL_RCC_OscConfig
 .text.HAL_RCC_EnableCSS
                0x080033c4        0xc CMakeFiles/PMSM_Openloop.elf.dir/Drivers/STM32F4xx_HAL_Driver/Src/stm32f4xx_hal_rcc.c.obj
                0x080033c4                HAL_RCC_EnableCSS
 .text.HAL_RCC_GetSysClockFreq
                0x080033d0       0xd4 CMakeFiles/PMSM_Openloop.elf.dir/Drivers/STM32F4xx_HAL_Driver/Src/stm32f4xx_hal_rcc.c.obj
                0x080033d0                HAL_RCC_GetSysClockFreq
 .text.HAL_RCC_ClockConfig
                0x080034a4      0x160 CMakeFiles/PMSM_Openloop.elf.dir/Drivers/STM32F4xx_HAL_Driver/Src/stm32f4xx_hal_rcc.c.obj
                0x080034a4                HAL_RCC_ClockConfig
 .text.HAL_RCC_GetHCLKFreq
                0x08003604        0xc CMakeFiles/PMSM_Openloop.elf.dir/Drivers/STM32F4xx_HAL_Driver/Src/stm32f4xx_hal_rcc.c.obj
                0x08003604                HAL_RCC_GetHCLKFreq
 .text.HAL_RCC_GetPCLK1Freq
                0x08003610       0x20 CMakeFiles/PMSM_Openloop.elf.dir/Drivers/STM32F4xx_HAL_Driver/Src/stm32f4xx_hal_rcc.c.obj
                0x08003610                HAL_RCC_GetPCLK1Freq
 .text.HAL_RCC_GetPCLK2Freq
                0x08003630       0x20 CMakeFiles/PMSM_Openloop.elf.dir/Drivers/STM32F4xx_HAL_Driver/Src/stm32f4xx_hal_rcc.c.obj
                0x08003630                HAL_RCC_GetPCLK2Freq
 .text.HAL_RCC_CSSCallback
                0x08003650        0x2 CMakeFiles/PMSM_Openloop.elf.dir/Drivers/STM32F4xx_HAL_Driver/Src/stm32f4xx_hal_rcc.c.obj
                0x08003650                HAL_RCC_CSSCallback
 *fill*         0x08003652        0x2 
 .text.HAL_RCC_NMI_IRQHandler
                0x08003654       0x20 CMakeFiles/PMSM_Openloop.elf.dir/Drivers/STM32F4xx_HAL_Driver/Src/stm32f4xx_hal_rcc.c.obj
                0x08003654                HAL_RCC_NMI_IRQHandler
 .text.TIM_OC1_SetConfig
                0x08003674       0x68 CMakeFiles/PMSM_Openloop.elf.dir/Drivers/STM32F4xx_HAL_Driver/Src/stm32f4xx_hal_tim.c.obj
 .text.TIM_OC3_SetConfig
                0x080036dc       0x70 CMakeFiles/PMSM_Openloop.elf.dir/Drivers/STM32F4xx_HAL_Driver/Src/stm32f4xx_hal_tim.c.obj
 .text.TIM_OC4_SetConfig
                0x0800374c       0x50 CMakeFiles/PMSM_Openloop.elf.dir/Drivers/STM32F4xx_HAL_Driver/Src/stm32f4xx_hal_tim.c.obj
 .text.TIM_TI1_ConfigInputStage
                0x0800379c       0x26 CMakeFiles/PMSM_Openloop.elf.dir/Drivers/STM32F4xx_HAL_Driver/Src/stm32f4xx_hal_tim.c.obj
 .text.TIM_TI2_ConfigInputStage
                0x080037c2       0x28 CMakeFiles/PMSM_Openloop.elf.dir/Drivers/STM32F4xx_HAL_Driver/Src/stm32f4xx_hal_tim.c.obj
 .text.TIM_ITRx_SetConfig
                0x080037ea       0x10 CMakeFiles/PMSM_Openloop.elf.dir/Drivers/STM32F4xx_HAL_Driver/Src/stm32f4xx_hal_tim.c.obj
 *fill*         0x080037fa        0x2 
 .text.HAL_TIM_Base_Start
                0x080037fc       0x7c CMakeFiles/PMSM_Openloop.elf.dir/Drivers/STM32F4xx_HAL_Driver/Src/stm32f4xx_hal_tim.c.obj
                0x080037fc                HAL_TIM_Base_Start
 .text.HAL_TIM_PWM_MspInit
                0x08003878        0x2 CMakeFiles/PMSM_Openloop.elf.dir/Drivers/STM32F4xx_HAL_Driver/Src/stm32f4xx_hal_tim.c.obj
                0x08003878                HAL_TIM_PWM_MspInit
 *fill*         0x0800387a        0x2 
 .text.TIM_Base_SetConfig
                0x0800387c       0xc8 CMakeFiles/PMSM_Openloop.elf.dir/Drivers/STM32F4xx_HAL_Driver/Src/stm32f4xx_hal_tim.c.obj
                0x0800387c                TIM_Base_SetConfig
 .text.HAL_TIM_Base_Init
                0x08003944       0x58 CMakeFiles/PMSM_Openloop.elf.dir/Drivers/STM32F4xx_HAL_Driver/Src/stm32f4xx_hal_tim.c.obj
                0x08003944                HAL_TIM_Base_Init
 .text.HAL_TIM_PWM_Init
                0x0800399c       0x58 CMakeFiles/PMSM_Openloop.elf.dir/Drivers/STM32F4xx_HAL_Driver/Src/stm32f4xx_hal_tim.c.obj
                0x0800399c                HAL_TIM_PWM_Init
 .text.HAL_TIM_Encoder_Init
                0x080039f4       0xb6 CMakeFiles/PMSM_Openloop.elf.dir/Drivers/STM32F4xx_HAL_Driver/Src/stm32f4xx_hal_tim.c.obj
                0x080039f4                HAL_TIM_Encoder_Init
 *fill*         0x08003aaa        0x2 
 .text.TIM_OC2_SetConfig
                0x08003aac       0x70 CMakeFiles/PMSM_Openloop.elf.dir/Drivers/STM32F4xx_HAL_Driver/Src/stm32f4xx_hal_tim.c.obj
                0x08003aac                TIM_OC2_SetConfig
 .text.HAL_TIM_PWM_ConfigChannel
                0x08003b1c       0xdc CMakeFiles/PMSM_Openloop.elf.dir/Drivers/STM32F4xx_HAL_Driver/Src/stm32f4xx_hal_tim.c.obj
                0x08003b1c                HAL_TIM_PWM_ConfigChannel
 .text.TIM_ETR_SetConfig
                0x08003bf8       0x1a CMakeFiles/PMSM_Openloop.elf.dir/Drivers/STM32F4xx_HAL_Driver/Src/stm32f4xx_hal_tim.c.obj
                0x08003bf8                TIM_ETR_SetConfig
 .text.HAL_TIM_ConfigClockSource
                0x08003c12       0xfe CMakeFiles/PMSM_Openloop.elf.dir/Drivers/STM32F4xx_HAL_Driver/Src/stm32f4xx_hal_tim.c.obj
                0x08003c12                HAL_TIM_ConfigClockSource
 .text.TIM_CCxChannelCmd
                0x08003d10       0x1e CMakeFiles/PMSM_Openloop.elf.dir/Drivers/STM32F4xx_HAL_Driver/Src/stm32f4xx_hal_tim.c.obj
                0x08003d10                TIM_CCxChannelCmd
 *fill*         0x08003d2e        0x2 
 .text.HAL_TIM_PWM_Start
                0x08003d30      0x104 CMakeFiles/PMSM_Openloop.elf.dir/Drivers/STM32F4xx_HAL_Driver/Src/stm32f4xx_hal_tim.c.obj
                0x08003d30                HAL_TIM_PWM_Start
 .text.HAL_TIM_PWM_Stop
                0x08003e34       0x8c CMakeFiles/PMSM_Openloop.elf.dir/Drivers/STM32F4xx_HAL_Driver/Src/stm32f4xx_hal_tim.c.obj
                0x08003e34                HAL_TIM_PWM_Stop
 .text.HAL_TIM_Encoder_Start
                0x08003ec0       0xcc CMakeFiles/PMSM_Openloop.elf.dir/Drivers/STM32F4xx_HAL_Driver/Src/stm32f4xx_hal_tim.c.obj
                0x08003ec0                HAL_TIM_Encoder_Start
 .text.TIM_CCxNChannelCmd
                0x08003f8c       0x1e CMakeFiles/PMSM_Openloop.elf.dir/Drivers/STM32F4xx_HAL_Driver/Src/stm32f4xx_hal_tim_ex.c.obj
 *fill*         0x08003faa        0x2 
 .text.HAL_TIMEx_PWMN_Start
                0x08003fac       0xf8 CMakeFiles/PMSM_Openloop.elf.dir/Drivers/STM32F4xx_HAL_Driver/Src/stm32f4xx_hal_tim_ex.c.obj
                0x08003fac                HAL_TIMEx_PWMN_Start
 .text.HAL_TIMEx_PWMN_Stop
                0x080040a4       0x76 CMakeFiles/PMSM_Openloop.elf.dir/Drivers/STM32F4xx_HAL_Driver/Src/stm32f4xx_hal_tim_ex.c.obj
                0x080040a4                HAL_TIMEx_PWMN_Stop
 *fill*         0x0800411a        0x2 
 .text.HAL_TIMEx_MasterConfigSynchronization
                0x0800411c       0x8c CMakeFiles/PMSM_Openloop.elf.dir/Drivers/STM32F4xx_HAL_Driver/Src/stm32f4xx_hal_tim_ex.c.obj
                0x0800411c                HAL_TIMEx_MasterConfigSynchronization
 .text.HAL_TIMEx_ConfigBreakDeadTime
                0x080041a8       0x52 CMakeFiles/PMSM_Openloop.elf.dir/Drivers/STM32F4xx_HAL_Driver/Src/stm32f4xx_hal_tim_ex.c.obj
                0x080041a8                HAL_TIMEx_ConfigBreakDeadTime
 *fill*         0x080041fa        0x2 
 .text.UART_SetConfig
                0x080041fc      0x110 CMakeFiles/PMSM_Openloop.elf.dir/Drivers/STM32F4xx_HAL_Driver/Src/stm32f4xx_hal_uart.c.obj
 .text.UART_WaitOnFlagUntilTimeout
                0x0800430c       0x88 CMakeFiles/PMSM_Openloop.elf.dir/Drivers/STM32F4xx_HAL_Driver/Src/stm32f4xx_hal_uart.c.obj
 .text.HAL_UART_Init
                0x08004394       0x5e CMakeFiles/PMSM_Openloop.elf.dir/Drivers/STM32F4xx_HAL_Driver/Src/stm32f4xx_hal_uart.c.obj
                0x08004394                HAL_UART_Init
 .text.HAL_UART_Transmit
                0x080043f2       0xd8 CMakeFiles/PMSM_Openloop.elf.dir/Drivers/STM32F4xx_HAL_Driver/Src/stm32f4xx_hal_uart.c.obj
                0x080043f2                HAL_UART_Transmit
 .text.HAL_UART_Receive
                0x080044ca       0xe4 CMakeFiles/PMSM_Openloop.elf.dir/Drivers/STM32F4xx_HAL_Driver/Src/stm32f4xx_hal_uart.c.obj
                0x080044ca                HAL_UART_Receive
 *fill*         0x080045ae        0x2 
 .text.arm_sin_f32
                0x080045b0       0x8c C:/Users/DrSan/Desktop/PMSM_Openloop/Middlewares/ST/ARM/DSP/Lib/libarm_cortexM4lf_math.a(arm_sin_f32.o)
                0x080045b0                arm_sin_f32
 .text.arm_cos_f32
                0x0800463c       0x94 C:/Users/DrSan/Desktop/PMSM_Openloop/Middlewares/ST/ARM/DSP/Lib/libarm_cortexM4lf_math.a(arm_cos_f32.o)
                0x0800463c                arm_cos_f32
 .text.__errno  0x080046d0        0xc f:/gcc-arm-none-eabi/bin/../lib/gcc/arm-none-eabi/10.3.1/../../../../arm-none-eabi/lib/thumb/v7e-m+fp/hard\libg.a(lib_a-errno.o)
                0x080046d0                __errno
 .text.__libc_init_array
                0x080046dc       0x48 f:/gcc-arm-none-eabi/bin/../lib/gcc/arm-none-eabi/10.3.1/../../../../arm-none-eabi/lib/thumb/v7e-m+fp/hard\libg.a(lib_a-init.o)
                0x080046dc                __libc_init_array
 .text.memset   0x08004724       0xa4 f:/gcc-arm-none-eabi/bin/../lib/gcc/arm-none-eabi/10.3.1/../../../../arm-none-eabi/lib/thumb/v7e-m+fp/hard\libg.a(lib_a-memset.o)
                0x08004724                memset
 .text.printf   0x080047c8       0x28 f:/gcc-arm-none-eabi/bin/../lib/gcc/arm-none-eabi/10.3.1/../../../../arm-none-eabi/lib/thumb/v7e-m+fp/hard\libg.a(lib_a-printf.o)
                0x080047c8                printf
 .text.setvbuf  0x080047f0      0x1b0 f:/gcc-arm-none-eabi/bin/../lib/gcc/arm-none-eabi/10.3.1/../../../../arm-none-eabi/lib/thumb/v7e-m+fp/hard\libg.a(lib_a-setvbuf.o)
                0x080047f0                setvbuf
 .text._vfprintf_r
                0x080049a0     0x1b90 f:/gcc-arm-none-eabi/bin/../lib/gcc/arm-none-eabi/10.3.1/../../../../arm-none-eabi/lib/thumb/v7e-m+fp/hard\libg.a(lib_a-vfprintf.o)
                0x080049a0                _vfprintf_r
 .text.__sbprintf
                0x08006530       0x80 f:/gcc-arm-none-eabi/bin/../lib/gcc/arm-none-eabi/10.3.1/../../../../arm-none-eabi/lib/thumb/v7e-m+fp/hard\libg.a(lib_a-vfprintf.o)
 .text.__swsetup_r
                0x080065b0       0xd4 f:/gcc-arm-none-eabi/bin/../lib/gcc/arm-none-eabi/10.3.1/../../../../arm-none-eabi/lib/thumb/v7e-m+fp/hard\libg.a(lib_a-wsetup.o)
                0x080065b0                __swsetup_r
 .text.startup.register_fini
                0x08006684       0x14 f:/gcc-arm-none-eabi/bin/../lib/gcc/arm-none-eabi/10.3.1/../../../../arm-none-eabi/lib/thumb/v7e-m+fp/hard\libg.a(lib_a-__call_atexit.o)
 .text.atexit   0x08006698        0xc f:/gcc-arm-none-eabi/bin/../lib/gcc/arm-none-eabi/10.3.1/../../../../arm-none-eabi/lib/thumb/v7e-m+fp/hard\libg.a(lib_a-atexit.o)
                0x08006698                atexit
 .text.quorem   0x080066a4      0x128 f:/gcc-arm-none-eabi/bin/../lib/gcc/arm-none-eabi/10.3.1/../../../../arm-none-eabi/lib/thumb/v7e-m+fp/hard\libg.a(lib_a-dtoa.o)
 *fill*         0x080067cc        0x4 
 .text._dtoa_r  0x080067d0      0xf3c f:/gcc-arm-none-eabi/bin/../lib/gcc/arm-none-eabi/10.3.1/../../../../arm-none-eabi/lib/thumb/v7e-m+fp/hard\libg.a(lib_a-dtoa.o)
                0x080067d0                _dtoa_r
 .text.__sflush_r
                0x0800770c      0x130 f:/gcc-arm-none-eabi/bin/../lib/gcc/arm-none-eabi/10.3.1/../../../../arm-none-eabi/lib/thumb/v7e-m+fp/hard\libg.a(lib_a-fflush.o)
                0x0800770c                __sflush_r
 .text._fflush_r
                0x0800783c       0x5c f:/gcc-arm-none-eabi/bin/../lib/gcc/arm-none-eabi/10.3.1/../../../../arm-none-eabi/lib/thumb/v7e-m+fp/hard\libg.a(lib_a-fflush.o)
                0x0800783c                _fflush_r
 .text._cleanup_r
                0x08007898        0xc f:/gcc-arm-none-eabi/bin/../lib/gcc/arm-none-eabi/10.3.1/../../../../arm-none-eabi/lib/thumb/v7e-m+fp/hard\libg.a(lib_a-findfp.o)
                0x08007898                _cleanup_r
 .text.__sinit  0x080078a4      0x10c f:/gcc-arm-none-eabi/bin/../lib/gcc/arm-none-eabi/10.3.1/../../../../arm-none-eabi/lib/thumb/v7e-m+fp/hard\libg.a(lib_a-findfp.o)
                0x080078a4                __sinit
 .text.__sfp_lock_acquire
                0x080079b0        0xc f:/gcc-arm-none-eabi/bin/../lib/gcc/arm-none-eabi/10.3.1/../../../../arm-none-eabi/lib/thumb/v7e-m+fp/hard\libg.a(lib_a-findfp.o)
                0x080079b0                __sfp_lock_acquire
 .text.__sfp_lock_release
                0x080079bc        0xc f:/gcc-arm-none-eabi/bin/../lib/gcc/arm-none-eabi/10.3.1/../../../../arm-none-eabi/lib/thumb/v7e-m+fp/hard\libg.a(lib_a-findfp.o)
                0x080079bc                __sfp_lock_release
 .text.__libc_fini_array
                0x080079c8       0x2c f:/gcc-arm-none-eabi/bin/../lib/gcc/arm-none-eabi/10.3.1/../../../../arm-none-eabi/lib/thumb/v7e-m+fp/hard\libg.a(lib_a-fini.o)
                0x080079c8                __libc_fini_array
 .text._malloc_trim_r
                0x080079f4       0xa0 f:/gcc-arm-none-eabi/bin/../lib/gcc/arm-none-eabi/10.3.1/../../../../arm-none-eabi/lib/thumb/v7e-m+fp/hard\libg.a(lib_a-freer.o)
                0x080079f4                _malloc_trim_r
 .text._free_r  0x08007a94      0x20c f:/gcc-arm-none-eabi/bin/../lib/gcc/arm-none-eabi/10.3.1/../../../../arm-none-eabi/lib/thumb/v7e-m+fp/hard\libg.a(lib_a-freer.o)
                0x08007a94                _free_r
 .text._fwalk_reent
                0x08007ca0       0x48 f:/gcc-arm-none-eabi/bin/../lib/gcc/arm-none-eabi/10.3.1/../../../../arm-none-eabi/lib/thumb/v7e-m+fp/hard\libg.a(lib_a-fwalk.o)
                0x08007ca0                _fwalk_reent
 .text._localeconv_r
                0x08007ce8        0x8 f:/gcc-arm-none-eabi/bin/../lib/gcc/arm-none-eabi/10.3.1/../../../../arm-none-eabi/lib/thumb/v7e-m+fp/hard\libg.a(lib_a-localeconv.o)
                0x08007ce8                _localeconv_r
 .text.__retarget_lock_init_recursive
                0x08007cf0        0x4 f:/gcc-arm-none-eabi/bin/../lib/gcc/arm-none-eabi/10.3.1/../../../../arm-none-eabi/lib/thumb/v7e-m+fp/hard\libg.a(lib_a-lock.o)
                0x08007cf0                __retarget_lock_init_recursive
 .text.__retarget_lock_close_recursive
                0x08007cf4        0x4 f:/gcc-arm-none-eabi/bin/../lib/gcc/arm-none-eabi/10.3.1/../../../../arm-none-eabi/lib/thumb/v7e-m+fp/hard\libg.a(lib_a-lock.o)
                0x08007cf4                __retarget_lock_close_recursive
 .text.__retarget_lock_acquire_recursive
                0x08007cf8        0x4 f:/gcc-arm-none-eabi/bin/../lib/gcc/arm-none-eabi/10.3.1/../../../../arm-none-eabi/lib/thumb/v7e-m+fp/hard\libg.a(lib_a-lock.o)
                0x08007cf8                __retarget_lock_acquire_recursive
 .text.__retarget_lock_release_recursive
                0x08007cfc        0x4 f:/gcc-arm-none-eabi/bin/../lib/gcc/arm-none-eabi/10.3.1/../../../../arm-none-eabi/lib/thumb/v7e-m+fp/hard\libg.a(lib_a-lock.o)
                0x08007cfc                __retarget_lock_release_recursive
 .text.__smakebuf_r
                0x08007d00       0xe0 f:/gcc-arm-none-eabi/bin/../lib/gcc/arm-none-eabi/10.3.1/../../../../arm-none-eabi/lib/thumb/v7e-m+fp/hard\libg.a(lib_a-makebuf.o)
                0x08007d00                __smakebuf_r
 .text.__swhatbuf_r
                0x08007de0       0x60 f:/gcc-arm-none-eabi/bin/../lib/gcc/arm-none-eabi/10.3.1/../../../../arm-none-eabi/lib/thumb/v7e-m+fp/hard\libg.a(lib_a-makebuf.o)
                0x08007de0                __swhatbuf_r
 .text.malloc   0x08007e40       0x10 f:/gcc-arm-none-eabi/bin/../lib/gcc/arm-none-eabi/10.3.1/../../../../arm-none-eabi/lib/thumb/v7e-m+fp/hard\libg.a(lib_a-malloc.o)
                0x08007e40                malloc
 .text._malloc_r
                0x08007e50      0x560 f:/gcc-arm-none-eabi/bin/../lib/gcc/arm-none-eabi/10.3.1/../../../../arm-none-eabi/lib/thumb/v7e-m+fp/hard\libg.a(lib_a-mallocr.o)
                0x08007e50                _malloc_r
 .text.__malloc_lock
                0x080083b0        0xc f:/gcc-arm-none-eabi/bin/../lib/gcc/arm-none-eabi/10.3.1/../../../../arm-none-eabi/lib/thumb/v7e-m+fp/hard\libg.a(lib_a-mlock.o)
                0x080083b0                __malloc_lock
 .text.__malloc_unlock
                0x080083bc        0xc f:/gcc-arm-none-eabi/bin/../lib/gcc/arm-none-eabi/10.3.1/../../../../arm-none-eabi/lib/thumb/v7e-m+fp/hard\libg.a(lib_a-mlock.o)
                0x080083bc                __malloc_unlock
 .text._Balloc  0x080083c8       0x4c f:/gcc-arm-none-eabi/bin/../lib/gcc/arm-none-eabi/10.3.1/../../../../arm-none-eabi/lib/thumb/v7e-m+fp/hard\libg.a(lib_a-mprec.o)
                0x080083c8                _Balloc
 .text._Bfree   0x08008414       0x14 f:/gcc-arm-none-eabi/bin/../lib/gcc/arm-none-eabi/10.3.1/../../../../arm-none-eabi/lib/thumb/v7e-m+fp/hard\libg.a(lib_a-mprec.o)
                0x08008414                _Bfree
 .text.__multadd
                0x08008428       0xa8 f:/gcc-arm-none-eabi/bin/../lib/gcc/arm-none-eabi/10.3.1/../../../../arm-none-eabi/lib/thumb/v7e-m+fp/hard\libg.a(lib_a-mprec.o)
                0x08008428                __multadd
 .text.__hi0bits
                0x080084d0       0x40 f:/gcc-arm-none-eabi/bin/../lib/gcc/arm-none-eabi/10.3.1/../../../../arm-none-eabi/lib/thumb/v7e-m+fp/hard\libg.a(lib_a-mprec.o)
                0x080084d0                __hi0bits
 .text.__lo0bits
                0x08008510       0x60 f:/gcc-arm-none-eabi/bin/../lib/gcc/arm-none-eabi/10.3.1/../../../../arm-none-eabi/lib/thumb/v7e-m+fp/hard\libg.a(lib_a-mprec.o)
                0x08008510                __lo0bits
 .text.__i2b    0x08008570       0x5c f:/gcc-arm-none-eabi/bin/../lib/gcc/arm-none-eabi/10.3.1/../../../../arm-none-eabi/lib/thumb/v7e-m+fp/hard\libg.a(lib_a-mprec.o)
                0x08008570                __i2b
 .text.__multiply
                0x080085cc      0x15c f:/gcc-arm-none-eabi/bin/../lib/gcc/arm-none-eabi/10.3.1/../../../../arm-none-eabi/lib/thumb/v7e-m+fp/hard\libg.a(lib_a-mprec.o)
                0x080085cc                __multiply
 .text.__pow5mult
                0x08008728       0xc0 f:/gcc-arm-none-eabi/bin/../lib/gcc/arm-none-eabi/10.3.1/../../../../arm-none-eabi/lib/thumb/v7e-m+fp/hard\libg.a(lib_a-mprec.o)
                0x08008728                __pow5mult
 .text.__lshift
                0x080087e8       0xf0 f:/gcc-arm-none-eabi/bin/../lib/gcc/arm-none-eabi/10.3.1/../../../../arm-none-eabi/lib/thumb/v7e-m+fp/hard\libg.a(lib_a-mprec.o)
                0x080087e8                __lshift
 .text.__mcmp   0x080088d8       0x44 f:/gcc-arm-none-eabi/bin/../lib/gcc/arm-none-eabi/10.3.1/../../../../arm-none-eabi/lib/thumb/v7e-m+fp/hard\libg.a(lib_a-mprec.o)
                0x080088d8                __mcmp
 .text.__mdiff  0x0800891c      0x14c f:/gcc-arm-none-eabi/bin/../lib/gcc/arm-none-eabi/10.3.1/../../../../arm-none-eabi/lib/thumb/v7e-m+fp/hard\libg.a(lib_a-mprec.o)
                0x0800891c                __mdiff
 .text.__d2b    0x08008a68       0xd0 f:/gcc-arm-none-eabi/bin/../lib/gcc/arm-none-eabi/10.3.1/../../../../arm-none-eabi/lib/thumb/v7e-m+fp/hard\libg.a(lib_a-mprec.o)
                0x08008a68                __d2b
 .text.frexp    0x08008b38       0x6c f:/gcc-arm-none-eabi/bin/../lib/gcc/arm-none-eabi/10.3.1/../../../../arm-none-eabi/lib/thumb/v7e-m+fp/hard\libg.a(lib_a-s_frexp.o)
                0x08008b38                frexp
 .text._sbrk_r  0x08008ba4       0x24 f:/gcc-arm-none-eabi/bin/../lib/gcc/arm-none-eabi/10.3.1/../../../../arm-none-eabi/lib/thumb/v7e-m+fp/hard\libg.a(lib_a-sbrkr.o)
                0x08008ba4                _sbrk_r
 .text.__sread  0x08008bc8       0x24 f:/gcc-arm-none-eabi/bin/../lib/gcc/arm-none-eabi/10.3.1/../../../../arm-none-eabi/lib/thumb/v7e-m+fp/hard\libg.a(lib_a-stdio.o)
                0x08008bc8                __sread
 .text.__swrite
                0x08008bec       0x40 f:/gcc-arm-none-eabi/bin/../lib/gcc/arm-none-eabi/10.3.1/../../../../arm-none-eabi/lib/thumb/v7e-m+fp/hard\libg.a(lib_a-stdio.o)
                0x08008bec                __swrite
 .text.__sseek  0x08008c2c       0x20 f:/gcc-arm-none-eabi/bin/../lib/gcc/arm-none-eabi/10.3.1/../../../../arm-none-eabi/lib/thumb/v7e-m+fp/hard\libg.a(lib_a-stdio.o)
                0x08008c2c                __sseek
 .text.__sclose
                0x08008c4c        0x8 f:/gcc-arm-none-eabi/bin/../lib/gcc/arm-none-eabi/10.3.1/../../../../arm-none-eabi/lib/thumb/v7e-m+fp/hard\libg.a(lib_a-stdio.o)
                0x08008c4c                __sclose
 .text.strncpy  0x08008c54       0x64 f:/gcc-arm-none-eabi/bin/../lib/gcc/arm-none-eabi/10.3.1/../../../../arm-none-eabi/lib/thumb/v7e-m+fp/hard\libg.a(lib_a-strncpy.o)
                0x08008c54                strncpy
 .text.__sprint_r.part.0
                0x08008cb8       0x78 f:/gcc-arm-none-eabi/bin/../lib/gcc/arm-none-eabi/10.3.1/../../../../arm-none-eabi/lib/thumb/v7e-m+fp/hard\libg.a(lib_a-vfiprintf.o)
 .text.__sprint_r
                0x08008d30       0x18 f:/gcc-arm-none-eabi/bin/../lib/gcc/arm-none-eabi/10.3.1/../../../../arm-none-eabi/lib/thumb/v7e-m+fp/hard\libg.a(lib_a-vfiprintf.o)
                0x08008d30                __sprint_r
 .text._vfiprintf_r
                0x08008d48      0xdfc f:/gcc-arm-none-eabi/bin/../lib/gcc/arm-none-eabi/10.3.1/../../../../arm-none-eabi/lib/thumb/v7e-m+fp/hard\libg.a(lib_a-vfiprintf.o)
                0x08008d48                _vfiprintf_r
 .text.__sbprintf
                0x08009b44       0x80 f:/gcc-arm-none-eabi/bin/../lib/gcc/arm-none-eabi/10.3.1/../../../../arm-none-eabi/lib/thumb/v7e-m+fp/hard\libg.a(lib_a-vfiprintf.o)
 .text._write_r
                0x08009bc4       0x2c f:/gcc-arm-none-eabi/bin/../lib/gcc/arm-none-eabi/10.3.1/../../../../arm-none-eabi/lib/thumb/v7e-m+fp/hard\libg.a(lib_a-writer.o)
                0x08009bc4                _write_r
 .text.__register_exitproc
                0x08009bf0       0x8c f:/gcc-arm-none-eabi/bin/../lib/gcc/arm-none-eabi/10.3.1/../../../../arm-none-eabi/lib/thumb/v7e-m+fp/hard\libg.a(lib_a-__atexit.o)
                0x08009bf0                __register_exitproc
 .text.__assert_func
                0x08009c7c       0x40 f:/gcc-arm-none-eabi/bin/../lib/gcc/arm-none-eabi/10.3.1/../../../../arm-none-eabi/lib/thumb/v7e-m+fp/hard\libg.a(lib_a-assert.o)
                0x08009c7c                __assert_func
 .text._calloc_r
                0x08009cbc       0x78 f:/gcc-arm-none-eabi/bin/../lib/gcc/arm-none-eabi/10.3.1/../../../../arm-none-eabi/lib/thumb/v7e-m+fp/hard\libg.a(lib_a-callocr.o)
                0x08009cbc                _calloc_r
 .text._close_r
                0x08009d34       0x24 f:/gcc-arm-none-eabi/bin/../lib/gcc/arm-none-eabi/10.3.1/../../../../arm-none-eabi/lib/thumb/v7e-m+fp/hard\libg.a(lib_a-closer.o)
                0x08009d34                _close_r
 .text._fclose_r
                0x08009d58       0xcc f:/gcc-arm-none-eabi/bin/../lib/gcc/arm-none-eabi/10.3.1/../../../../arm-none-eabi/lib/thumb/v7e-m+fp/hard\libg.a(lib_a-fclose.o)
                0x08009d58                _fclose_r
 .text.fiprintf
                0x08009e24       0x28 f:/gcc-arm-none-eabi/bin/../lib/gcc/arm-none-eabi/10.3.1/../../../../arm-none-eabi/lib/thumb/v7e-m+fp/hard\libg.a(lib_a-fiprintf.o)
                0x08009e24                fiprintf
 .text.__fputwc
                0x08009e4c       0xa8 f:/gcc-arm-none-eabi/bin/../lib/gcc/arm-none-eabi/10.3.1/../../../../arm-none-eabi/lib/thumb/v7e-m+fp/hard\libg.a(lib_a-fputwc.o)
                0x08009e4c                __fputwc
 .text._fputwc_r
                0x08009ef4       0x68 f:/gcc-arm-none-eabi/bin/../lib/gcc/arm-none-eabi/10.3.1/../../../../arm-none-eabi/lib/thumb/v7e-m+fp/hard\libg.a(lib_a-fputwc.o)
                0x08009ef4                _fputwc_r
 .text._fstat_r
                0x08009f5c       0x2c f:/gcc-arm-none-eabi/bin/../lib/gcc/arm-none-eabi/10.3.1/../../../../arm-none-eabi/lib/thumb/v7e-m+fp/hard\libg.a(lib_a-fstatr.o)
                0x08009f5c                _fstat_r
 .text.__sfvwrite_r
                0x08009f88      0x2f0 f:/gcc-arm-none-eabi/bin/../lib/gcc/arm-none-eabi/10.3.1/../../../../arm-none-eabi/lib/thumb/v7e-m+fp/hard\libg.a(lib_a-fvwrite.o)
                0x08009f88                __sfvwrite_r
 .text._isatty_r
                0x0800a278       0x24 f:/gcc-arm-none-eabi/bin/../lib/gcc/arm-none-eabi/10.3.1/../../../../arm-none-eabi/lib/thumb/v7e-m+fp/hard\libg.a(lib_a-isattyr.o)
                0x0800a278                _isatty_r
 .text.__locale_mb_cur_max
                0x0800a29c        0xc f:/gcc-arm-none-eabi/bin/../lib/gcc/arm-none-eabi/10.3.1/../../../../arm-none-eabi/lib/thumb/v7e-m+fp/hard\libg.a(lib_a-locale.o)
                0x0800a29c                __locale_mb_cur_max
 .text._lseek_r
                0x0800a2a8       0x2c f:/gcc-arm-none-eabi/bin/../lib/gcc/arm-none-eabi/10.3.1/../../../../arm-none-eabi/lib/thumb/v7e-m+fp/hard\libg.a(lib_a-lseekr.o)
                0x0800a2a8                _lseek_r
 .text.__ascii_mbtowc
                0x0800a2d4       0x2c f:/gcc-arm-none-eabi/bin/../lib/gcc/arm-none-eabi/10.3.1/../../../../arm-none-eabi/lib/thumb/v7e-m+fp/hard\libg.a(lib_a-mbtowc_r.o)
                0x0800a2d4                __ascii_mbtowc
 .text.memmove  0x0800a300       0xf8 f:/gcc-arm-none-eabi/bin/../lib/gcc/arm-none-eabi/10.3.1/../../../../arm-none-eabi/lib/thumb/v7e-m+fp/hard\libg.a(lib_a-memmove.o)
                0x0800a300                memmove
 .text._read_r  0x0800a3f8       0x2c f:/gcc-arm-none-eabi/bin/../lib/gcc/arm-none-eabi/10.3.1/../../../../arm-none-eabi/lib/thumb/v7e-m+fp/hard\libg.a(lib_a-readr.o)
                0x0800a3f8                _read_r
 .text._realloc_r
                0x0800a424      0x3d8 f:/gcc-arm-none-eabi/bin/../lib/gcc/arm-none-eabi/10.3.1/../../../../arm-none-eabi/lib/thumb/v7e-m+fp/hard\libg.a(lib_a-reallocr.o)
                0x0800a424                _realloc_r
 .text.__swbuf_r
                0x0800a7fc       0xb0 f:/gcc-arm-none-eabi/bin/../lib/gcc/arm-none-eabi/10.3.1/../../../../arm-none-eabi/lib/thumb/v7e-m+fp/hard\libg.a(lib_a-wbuf.o)
                0x0800a7fc                __swbuf_r
 .text._wcrtomb_r
                0x0800a8ac       0x3c f:/gcc-arm-none-eabi/bin/../lib/gcc/arm-none-eabi/10.3.1/../../../../arm-none-eabi/lib/thumb/v7e-m+fp/hard\libg.a(lib_a-wcrtomb.o)
                0x0800a8ac                _wcrtomb_r
 .text.__ascii_wctomb
                0x0800a8e8       0x1c f:/gcc-arm-none-eabi/bin/../lib/gcc/arm-none-eabi/10.3.1/../../../../arm-none-eabi/lib/thumb/v7e-m+fp/hard\libg.a(lib_a-wctomb_r.o)
                0x0800a8e8                __ascii_wctomb
 .text.abort    0x0800a904       0x10 f:/gcc-arm-none-eabi/bin/../lib/gcc/arm-none-eabi/10.3.1/../../../../arm-none-eabi/lib/thumb/v7e-m+fp/hard\libg.a(lib_a-abort.o)
                0x0800a904                abort
 .text.raise    0x0800a914       0x5c f:/gcc-arm-none-eabi/bin/../lib/gcc/arm-none-eabi/10.3.1/../../../../arm-none-eabi/lib/thumb/v7e-m+fp/hard\libg.a(lib_a-signal.o)
                0x0800a914                raise
 .text._kill_r  0x0800a970       0x2c f:/gcc-arm-none-eabi/bin/../lib/gcc/arm-none-eabi/10.3.1/../../../../arm-none-eabi/lib/thumb/v7e-m+fp/hard\libg.a(lib_a-signalr.o)
                0x0800a970                _kill_r
 .text._getpid_r
                0x0800a99c        0x4 f:/gcc-arm-none-eabi/bin/../lib/gcc/arm-none-eabi/10.3.1/../../../../arm-none-eabi/lib/thumb/v7e-m+fp/hard\libg.a(lib_a-signalr.o)
                0x0800a99c                _getpid_r
 *(.glue_7)
 .glue_7        0x0800a9a0        0x0 linker stubs
 *(.glue_7t)
 .glue_7t       0x0800a9a0        0x0 linker stubs
 *(.eh_frame)
 .eh_frame      0x0800a9a0        0x0 f:/gcc-arm-none-eabi/bin/../lib/gcc/arm-none-eabi/10.3.1/thumb/v7e-m+fp/hard/crtbegin.o
 *(.init)
 .init          0x0800a9a0        0x4 f:/gcc-arm-none-eabi/bin/../lib/gcc/arm-none-eabi/10.3.1/thumb/v7e-m+fp/hard/crti.o
                0x0800a9a0                _init
 .init          0x0800a9a4        0x8 f:/gcc-arm-none-eabi/bin/../lib/gcc/arm-none-eabi/10.3.1/thumb/v7e-m+fp/hard/crtn.o
 *(.fini)
 .fini          0x0800a9ac        0x4 f:/gcc-arm-none-eabi/bin/../lib/gcc/arm-none-eabi/10.3.1/thumb/v7e-m+fp/hard/crti.o
                0x0800a9ac                _fini
 .fini          0x0800a9b0        0x8 f:/gcc-arm-none-eabi/bin/../lib/gcc/arm-none-eabi/10.3.1/thumb/v7e-m+fp/hard/crtn.o
                0x0800a9b8                . = ALIGN (0x4)
                0x0800a9b8                _etext = .

.vfp11_veneer   0x0800a9b8        0x0
 .vfp11_veneer  0x0800a9b8        0x0 linker stubs

.v4_bx          0x0800a9b8        0x0
 .v4_bx         0x0800a9b8        0x0 linker stubs

.iplt           0x0800a9b8        0x0
 .iplt          0x0800a9b8        0x0 f:/gcc-arm-none-eabi/bin/../lib/gcc/arm-none-eabi/10.3.1/thumb/v7e-m+fp/hard/crtbegin.o

.rodata         0x0800a9b8      0xc28
                0x0800a9b8                . = ALIGN (0x4)
 *(.rodata)
 *(.rodata*)
 .rodata.main.str1.4
                0x0800a9b8        0x8 CMakeFiles/PMSM_Openloop.elf.dir/Core/Src/main.c.obj
 .rodata.AHBPrescTable
                0x0800a9c0       0x10 CMakeFiles/PMSM_Openloop.elf.dir/Core/Src/system_stm32f4xx.c.obj
                0x0800a9c0                AHBPrescTable
 .rodata.APBPrescTable
                0x0800a9d0        0x8 CMakeFiles/PMSM_Openloop.elf.dir/Core/Src/system_stm32f4xx.c.obj
                0x0800a9d0                APBPrescTable
 .rodata.flagBitshiftOffset.0
                0x0800a9d8        0x8 CMakeFiles/PMSM_Openloop.elf.dir/Drivers/STM32F4xx_HAL_Driver/Src/stm32f4xx_hal_dma.c.obj
 .rodata.sinTable_f32
                0x0800a9e0      0x804 C:/Users/DrSan/Desktop/PMSM_Openloop/Middlewares/ST/ARM/DSP/Lib/libarm_cortexM4lf_math.a(arm_common_tables.o)
                0x0800a9e0                sinTable_f32
 .rodata._global_impure_ptr
                0x0800b1e4        0x4 f:/gcc-arm-none-eabi/bin/../lib/gcc/arm-none-eabi/10.3.1/../../../../arm-none-eabi/lib/thumb/v7e-m+fp/hard\libg.a(lib_a-impure.o)
                0x0800b1e4                _global_impure_ptr
 .rodata._vfprintf_r.str1.4
                0x0800b1e8       0x42 f:/gcc-arm-none-eabi/bin/../lib/gcc/arm-none-eabi/10.3.1/../../../../arm-none-eabi/lib/thumb/v7e-m+fp/hard\libg.a(lib_a-vfprintf.o)
 *fill*         0x0800b22a        0x2 
 .rodata.blanks.1
                0x0800b22c       0x10 f:/gcc-arm-none-eabi/bin/../lib/gcc/arm-none-eabi/10.3.1/../../../../arm-none-eabi/lib/thumb/v7e-m+fp/hard\libg.a(lib_a-vfprintf.o)
 .rodata.zeroes.0
                0x0800b23c       0x10 f:/gcc-arm-none-eabi/bin/../lib/gcc/arm-none-eabi/10.3.1/../../../../arm-none-eabi/lib/thumb/v7e-m+fp/hard\libg.a(lib_a-vfprintf.o)
 .rodata._dtoa_r.str1.4
                0x0800b24c       0xa2 f:/gcc-arm-none-eabi/bin/../lib/gcc/arm-none-eabi/10.3.1/../../../../arm-none-eabi/lib/thumb/v7e-m+fp/hard\libg.a(lib_a-dtoa.o)
                                 0xa6 (size before relaxing)
 *fill*         0x0800b2ee        0x2 
 .rodata.__multadd.str1.4
                0x0800b2f0       0x7f f:/gcc-arm-none-eabi/bin/../lib/gcc/arm-none-eabi/10.3.1/../../../../arm-none-eabi/lib/thumb/v7e-m+fp/hard\libg.a(lib_a-mprec.o)
                                 0x93 (size before relaxing)
 *fill*         0x0800b36f        0x1 
 .rodata.__mprec_bigtens
                0x0800b370       0x28 f:/gcc-arm-none-eabi/bin/../lib/gcc/arm-none-eabi/10.3.1/../../../../arm-none-eabi/lib/thumb/v7e-m+fp/hard\libg.a(lib_a-mprec.o)
                0x0800b370                __mprec_bigtens
 .rodata.__mprec_tens
                0x0800b398       0xc8 f:/gcc-arm-none-eabi/bin/../lib/gcc/arm-none-eabi/10.3.1/../../../../arm-none-eabi/lib/thumb/v7e-m+fp/hard\libg.a(lib_a-mprec.o)
                0x0800b398                __mprec_tens
 .rodata.p05.0  0x0800b460        0xc f:/gcc-arm-none-eabi/bin/../lib/gcc/arm-none-eabi/10.3.1/../../../../arm-none-eabi/lib/thumb/v7e-m+fp/hard\libg.a(lib_a-mprec.o)
 .rodata._vfiprintf_r.str1.4
                0x0800b46c       0x2f f:/gcc-arm-none-eabi/bin/../lib/gcc/arm-none-eabi/10.3.1/../../../../arm-none-eabi/lib/thumb/v7e-m+fp/hard\libg.a(lib_a-vfiprintf.o)
 .rodata.blanks.1
                0x0800b46c       0x10 f:/gcc-arm-none-eabi/bin/../lib/gcc/arm-none-eabi/10.3.1/../../../../arm-none-eabi/lib/thumb/v7e-m+fp/hard\libg.a(lib_a-vfiprintf.o)
 .rodata.zeroes.0
                0x0800b47c       0x10 f:/gcc-arm-none-eabi/bin/../lib/gcc/arm-none-eabi/10.3.1/../../../../arm-none-eabi/lib/thumb/v7e-m+fp/hard\libg.a(lib_a-vfiprintf.o)
 .rodata.__assert_func.str1.4
                0x0800b48c       0x3f f:/gcc-arm-none-eabi/bin/../lib/gcc/arm-none-eabi/10.3.1/../../../../arm-none-eabi/lib/thumb/v7e-m+fp/hard\libg.a(lib_a-assert.o)
                                 0x43 (size before relaxing)
 *fill*         0x0800b4cb        0x1 
 .rodata._setlocale_r.str1.4
                0x0800b4cc        0xa f:/gcc-arm-none-eabi/bin/../lib/gcc/arm-none-eabi/10.3.1/../../../../arm-none-eabi/lib/thumb/v7e-m+fp/hard\libg.a(lib_a-locale.o)
                                  0xd (size before relaxing)
 *fill*         0x0800b4d6        0x2 
 .rodata.str1.4
                0x0800b4d8        0x2 f:/gcc-arm-none-eabi/bin/../lib/gcc/arm-none-eabi/10.3.1/../../../../arm-none-eabi/lib/thumb/v7e-m+fp/hard\libg.a(lib_a-locale.o)
 *fill*         0x0800b4da        0x2 
 .rodata._ctype_
                0x0800b4dc      0x101 f:/gcc-arm-none-eabi/bin/../lib/gcc/arm-none-eabi/10.3.1/../../../../arm-none-eabi/lib/thumb/v7e-m+fp/hard\libg.a(lib_a-ctype_.o)
                0x0800b4dc                _ctype_
                0x0800b5e0                . = ALIGN (0x4)
 *fill*         0x0800b5dd        0x3 

.ARM.extab      0x0800b5e0        0x0
                0x0800b5e0                . = ALIGN (0x4)
 *(.ARM.extab* .gnu.linkonce.armextab.*)
                0x0800b5e0                . = ALIGN (0x4)

.ARM            0x0800b5e0        0x8
                0x0800b5e0                . = ALIGN (0x4)
                0x0800b5e0                __exidx_start = .
 *(.ARM.exidx*)
 .ARM.exidx     0x0800b5e0        0x8 f:/gcc-arm-none-eabi/bin/../lib/gcc/arm-none-eabi/10.3.1/thumb/v7e-m+fp/hard\libgcc.a(_udivmoddi4.o)
                0x0800b5e8                __exidx_end = .
                0x0800b5e8                . = ALIGN (0x4)

.rel.dyn        0x0800b5e8        0x0
 .rel.iplt      0x0800b5e8        0x0 f:/gcc-arm-none-eabi/bin/../lib/gcc/arm-none-eabi/10.3.1/thumb/v7e-m+fp/hard/crtbegin.o

.preinit_array  0x0800b5e8        0x0
                0x0800b5e8                . = ALIGN (0x4)
                0x0800b5e8                PROVIDE (__preinit_array_start = .)
 *(.preinit_array*)
                0x0800b5e8                PROVIDE (__preinit_array_end = .)
                0x0800b5e8                . = ALIGN (0x4)

.init_array     0x0800b5e8        0x8
                0x0800b5e8                . = ALIGN (0x4)
                0x0800b5e8                PROVIDE (__init_array_start = .)
 *(SORT_BY_NAME(.init_array.*))
 .init_array.00000
                0x0800b5e8        0x4 f:/gcc-arm-none-eabi/bin/../lib/gcc/arm-none-eabi/10.3.1/../../../../arm-none-eabi/lib/thumb/v7e-m+fp/hard\libg.a(lib_a-__call_atexit.o)
 *(.init_array*)
 .init_array    0x0800b5ec        0x4 f:/gcc-arm-none-eabi/bin/../lib/gcc/arm-none-eabi/10.3.1/thumb/v7e-m+fp/hard/crtbegin.o
                0x0800b5f0                PROVIDE (__init_array_end = .)
                0x0800b5f0                . = ALIGN (0x4)

.fini_array     0x0800b5f0        0x4
                0x0800b5f0                . = ALIGN (0x4)
                0x0800b5f0                PROVIDE (__fini_array_start = .)
 *(SORT_BY_NAME(.fini_array.*))
 *(.fini_array*)
 .fini_array    0x0800b5f0        0x4 f:/gcc-arm-none-eabi/bin/../lib/gcc/arm-none-eabi/10.3.1/thumb/v7e-m+fp/hard/crtbegin.o
                0x0800b5f4                PROVIDE (__fini_array_end = .)
                0x0800b5f4                . = ALIGN (0x4)
                0x0800b5f4                _sidata = LOADADDR (.data)

.data           0x20000000      0x9b8 load address 0x0800b5f4
                0x20000000                . = ALIGN (0x4)
                0x20000000                _sdata = .
 *(.data)
 *(.data*)
 .data.SystemCoreClock
                0x20000000        0x4 CMakeFiles/PMSM_Openloop.elf.dir/Core/Src/system_stm32f4xx.c.obj
                0x20000000                SystemCoreClock
 .data.uwTickFreq
                0x20000004        0x1 CMakeFiles/PMSM_Openloop.elf.dir/Drivers/STM32F4xx_HAL_Driver/Src/stm32f4xx_hal.c.obj
                0x20000004                uwTickFreq
 *fill*         0x20000005        0x3 
 .data.uwTickPrio
                0x20000008        0x4 CMakeFiles/PMSM_Openloop.elf.dir/Drivers/STM32F4xx_HAL_Driver/Src/stm32f4xx_hal.c.obj
                0x20000008                uwTickPrio
 .data._impure_ptr
                0x2000000c        0x4 f:/gcc-arm-none-eabi/bin/../lib/gcc/arm-none-eabi/10.3.1/../../../../arm-none-eabi/lib/thumb/v7e-m+fp/hard\libg.a(lib_a-impure.o)
                0x2000000c                _impure_ptr
 .data.impure_data
                0x20000010      0x428 f:/gcc-arm-none-eabi/bin/../lib/gcc/arm-none-eabi/10.3.1/../../../../arm-none-eabi/lib/thumb/v7e-m+fp/hard\libg.a(lib_a-impure.o)
 .data.__atexit_recursive_mutex
                0x20000438        0x4 f:/gcc-arm-none-eabi/bin/../lib/gcc/arm-none-eabi/10.3.1/../../../../arm-none-eabi/lib/thumb/v7e-m+fp/hard\libg.a(lib_a-__call_atexit.o)
                0x20000438                __atexit_recursive_mutex
 .data.__malloc_av_
                0x2000043c      0x408 f:/gcc-arm-none-eabi/bin/../lib/gcc/arm-none-eabi/10.3.1/../../../../arm-none-eabi/lib/thumb/v7e-m+fp/hard\libg.a(lib_a-mallocr.o)
                0x2000043c                __malloc_av_
 .data.__malloc_sbrk_base
                0x20000844        0x4 f:/gcc-arm-none-eabi/bin/../lib/gcc/arm-none-eabi/10.3.1/../../../../arm-none-eabi/lib/thumb/v7e-m+fp/hard\libg.a(lib_a-mallocr.o)
                0x20000844                __malloc_sbrk_base
 .data.__malloc_trim_threshold
                0x20000848        0x4 f:/gcc-arm-none-eabi/bin/../lib/gcc/arm-none-eabi/10.3.1/../../../../arm-none-eabi/lib/thumb/v7e-m+fp/hard\libg.a(lib_a-mallocr.o)
                0x20000848                __malloc_trim_threshold
 .data.__global_locale
                0x2000084c      0x16c f:/gcc-arm-none-eabi/bin/../lib/gcc/arm-none-eabi/10.3.1/../../../../arm-none-eabi/lib/thumb/v7e-m+fp/hard\libg.a(lib_a-locale.o)
                0x2000084c                __global_locale
 *(.RamFunc)
 *(.RamFunc*)
                0x200009b8                . = ALIGN (0x4)
                0x200009b8                _edata = .
                0x0800bfac                _siccmram = LOADADDR (.ccmram)

.igot.plt       0x200009b8        0x0 load address 0x0800bfac
 .igot.plt      0x200009b8        0x0 f:/gcc-arm-none-eabi/bin/../lib/gcc/arm-none-eabi/10.3.1/thumb/v7e-m+fp/hard/crtbegin.o

.ccmram         0x10000000        0x0 load address 0x0800bfac
                0x10000000                . = ALIGN (0x4)
                0x10000000                _sccmram = .
 *(.ccmram)
 *(.ccmram*)
                0x10000000                . = ALIGN (0x4)
                0x10000000                _eccmram = .
                0x10000000                . = ALIGN (0x4)

.bss            0x200009b8      0x5f8
                0x200009b8                _sbss = .
                0x200009b8                __bss_start__ = _sbss
 *(.bss)
 .bss           0x200009b8       0x1c f:/gcc-arm-none-eabi/bin/../lib/gcc/arm-none-eabi/10.3.1/thumb/v7e-m+fp/hard/crtbegin.o
 *(.bss*)
 .bss.hadc2     0x200009d4       0x48 CMakeFiles/PMSM_Openloop.elf.dir/Core/Src/adc.c.obj
                0x200009d4                hadc2
 .bss.hadc3     0x20000a1c       0x48 CMakeFiles/PMSM_Openloop.elf.dir/Core/Src/adc.c.obj
                0x20000a1c                hadc3
 .bss.hdma_adc2
                0x20000a64       0x60 CMakeFiles/PMSM_Openloop.elf.dir/Core/Src/adc.c.obj
                0x20000a64                hdma_adc2
 .bss.hdma_adc3
                0x20000ac4       0x60 CMakeFiles/PMSM_Openloop.elf.dir/Core/Src/adc.c.obj
                0x20000ac4                hdma_adc3
 .bss.Tcm       0x20000b24        0x6 CMakeFiles/PMSM_Openloop.elf.dir/Core/Src/main.c.obj
                0x20000b24                Tcm
 *fill*         0x20000b2a        0x2 
 .bss.Ua        0x20000b2c        0x4 CMakeFiles/PMSM_Openloop.elf.dir/Core/Src/main.c.obj
                0x20000b2c                Ua
 .bss.Ualpha    0x20000b30        0x4 CMakeFiles/PMSM_Openloop.elf.dir/Core/Src/main.c.obj
                0x20000b30                Ualpha
 .bss.Ub        0x20000b34        0x4 CMakeFiles/PMSM_Openloop.elf.dir/Core/Src/main.c.obj
                0x20000b34                Ub
 .bss.Ubeta     0x20000b38        0x4 CMakeFiles/PMSM_Openloop.elf.dir/Core/Src/main.c.obj
                0x20000b38                Ubeta
 .bss.Ud        0x20000b3c        0x4 CMakeFiles/PMSM_Openloop.elf.dir/Core/Src/main.c.obj
                0x20000b3c                Ud
 .bss.Uq        0x20000b40        0x4 CMakeFiles/PMSM_Openloop.elf.dir/Core/Src/main.c.obj
                0x20000b40                Uq
 .bss.adcValue1
                0x20000b44        0x2 CMakeFiles/PMSM_Openloop.elf.dir/Core/Src/main.c.obj
                0x20000b44                adcValue1
 .bss.adcValue2
                0x20000b46        0x2 CMakeFiles/PMSM_Openloop.elf.dir/Core/Src/main.c.obj
                0x20000b46                adcValue2
 .bss.encDiff   0x20000b48        0x2 CMakeFiles/PMSM_Openloop.elf.dir/Core/Src/main.c.obj
                0x20000b48                encDiff
 .bss.encOld    0x20000b4a        0x2 CMakeFiles/PMSM_Openloop.elf.dir/Core/Src/main.c.obj
                0x20000b4a                encOld
 .bss.encValue  0x20000b4c        0x2 CMakeFiles/PMSM_Openloop.elf.dir/Core/Src/main.c.obj
                0x20000b4c                encValue
 *fill*         0x20000b4e        0x2 
 .bss.omega_e   0x20000b50        0x4 CMakeFiles/PMSM_Openloop.elf.dir/Core/Src/main.c.obj
                0x20000b50                omega_e
 .bss.omega_m   0x20000b54        0x4 CMakeFiles/PMSM_Openloop.elf.dir/Core/Src/main.c.obj
                0x20000b54                omega_m
 .bss.pwmSwitch
                0x20000b58        0x1 CMakeFiles/PMSM_Openloop.elf.dir/Core/Src/main.c.obj
                0x20000b58                pwmSwitch
 .bss.sector    0x20000b59        0x1 CMakeFiles/PMSM_Openloop.elf.dir/Core/Src/main.c.obj
                0x20000b59                sector
 *fill*         0x20000b5a        0x2 
 .bss.sineWave_Data
                0x20000b5c      0x320 CMakeFiles/PMSM_Openloop.elf.dir/Core/Src/main.c.obj
                0x20000b5c                sineWave_Data
 .bss.speedLoopFlag
                0x20000e7c        0x1 CMakeFiles/PMSM_Openloop.elf.dir/Core/Src/main.c.obj
                0x20000e7c                speedLoopFlag
 *fill*         0x20000e7d        0x1 
 .bss.t         0x20000e7e        0x2 CMakeFiles/PMSM_Openloop.elf.dir/Core/Src/main.c.obj
                0x20000e7e                t
 .bss.theta_e   0x20000e80        0x4 CMakeFiles/PMSM_Openloop.elf.dir/Core/Src/main.c.obj
                0x20000e80                theta_e
 .bss.theta_m   0x20000e84        0x4 CMakeFiles/PMSM_Openloop.elf.dir/Core/Src/main.c.obj
                0x20000e84                theta_m
 .bss.gHuart    0x20000e88        0x4 CMakeFiles/PMSM_Openloop.elf.dir/Core/Src/retarget.c.obj
                0x20000e88                gHuart
 .bss.__sbrk_heap_end
                0x20000e8c        0x4 CMakeFiles/PMSM_Openloop.elf.dir/Core/Src/sysmem.c.obj
 .bss.htim1     0x20000e90       0x48 CMakeFiles/PMSM_Openloop.elf.dir/Core/Src/tim.c.obj
                0x20000e90                htim1
 .bss.htim8     0x20000ed8       0x48 CMakeFiles/PMSM_Openloop.elf.dir/Core/Src/tim.c.obj
                0x20000ed8                htim8
 .bss.huart1    0x20000f20       0x44 CMakeFiles/PMSM_Openloop.elf.dir/Core/Src/usart.c.obj
                0x20000f20                huart1
 .bss.uwTick    0x20000f64        0x4 CMakeFiles/PMSM_Openloop.elf.dir/Drivers/STM32F4xx_HAL_Driver/Src/stm32f4xx_hal.c.obj
                0x20000f64                uwTick
 .bss.__lock___atexit_recursive_mutex
                0x20000f68        0x1 f:/gcc-arm-none-eabi/bin/../lib/gcc/arm-none-eabi/10.3.1/../../../../arm-none-eabi/lib/thumb/v7e-m+fp/hard\libg.a(lib_a-lock.o)
                0x20000f68                __lock___atexit_recursive_mutex
 *fill*         0x20000f69        0x3 
 .bss.__lock___malloc_recursive_mutex
                0x20000f6c        0x1 f:/gcc-arm-none-eabi/bin/../lib/gcc/arm-none-eabi/10.3.1/../../../../arm-none-eabi/lib/thumb/v7e-m+fp/hard\libg.a(lib_a-lock.o)
                0x20000f6c                __lock___malloc_recursive_mutex
 *fill*         0x20000f6d        0x3 
 .bss.__lock___sfp_recursive_mutex
                0x20000f70        0x1 f:/gcc-arm-none-eabi/bin/../lib/gcc/arm-none-eabi/10.3.1/../../../../arm-none-eabi/lib/thumb/v7e-m+fp/hard\libg.a(lib_a-lock.o)
                0x20000f70                __lock___sfp_recursive_mutex
 *fill*         0x20000f71        0x3 
 .bss.__lock___sinit_recursive_mutex
                0x20000f74        0x1 f:/gcc-arm-none-eabi/bin/../lib/gcc/arm-none-eabi/10.3.1/../../../../arm-none-eabi/lib/thumb/v7e-m+fp/hard\libg.a(lib_a-lock.o)
                0x20000f74                __lock___sinit_recursive_mutex
 *fill*         0x20000f75        0x3 
 .bss.__malloc_current_mallinfo
                0x20000f78       0x28 f:/gcc-arm-none-eabi/bin/../lib/gcc/arm-none-eabi/10.3.1/../../../../arm-none-eabi/lib/thumb/v7e-m+fp/hard\libg.a(lib_a-mallocr.o)
                0x20000f78                __malloc_current_mallinfo
 .bss.__malloc_max_sbrked_mem
                0x20000fa0        0x4 f:/gcc-arm-none-eabi/bin/../lib/gcc/arm-none-eabi/10.3.1/../../../../arm-none-eabi/lib/thumb/v7e-m+fp/hard\libg.a(lib_a-mallocr.o)
                0x20000fa0                __malloc_max_sbrked_mem
 .bss.__malloc_max_total_mem
                0x20000fa4        0x4 f:/gcc-arm-none-eabi/bin/../lib/gcc/arm-none-eabi/10.3.1/../../../../arm-none-eabi/lib/thumb/v7e-m+fp/hard\libg.a(lib_a-mallocr.o)
                0x20000fa4                __malloc_max_total_mem
 .bss.__malloc_top_pad
                0x20000fa8        0x4 f:/gcc-arm-none-eabi/bin/../lib/gcc/arm-none-eabi/10.3.1/../../../../arm-none-eabi/lib/thumb/v7e-m+fp/hard\libg.a(lib_a-mallocr.o)
                0x20000fa8                __malloc_top_pad
 .bss.errno     0x20000fac        0x4 f:/gcc-arm-none-eabi/bin/../lib/gcc/arm-none-eabi/10.3.1/../../../../arm-none-eabi/lib/thumb/v7e-m+fp/hard\libg.a(lib_a-reent.o)
                0x20000fac                errno
 *(COMMON)
                0x20000fb0                . = ALIGN (0x4)
                0x20000fb0                _ebss = .
                0x20000fb0                __bss_end__ = _ebss

._user_heap_stack
                0x20000fb0      0x600
                0x20000fb0                . = ALIGN (0x8)
                [!provide]                PROVIDE (end = .)
                0x20000fb0                PROVIDE (_end = .)
                0x200011b0                . = (. + _Min_Heap_Size)
 *fill*         0x20000fb0      0x200 
                0x200015b0                . = (. + _Min_Stack_Size)
 *fill*         0x200011b0      0x400 
                0x200015b0                . = ALIGN (0x8)

/DISCARD/
 libc.a(*)
 libm.a(*)
 libgcc.a(*)

.ARM.attributes
                0x00000000       0x30
 *(.ARM.attributes)
 .ARM.attributes
                0x00000000       0x1e f:/gcc-arm-none-eabi/bin/../lib/gcc/arm-none-eabi/10.3.1/thumb/v7e-m+fp/hard/crti.o
 .ARM.attributes
                0x0000001e       0x34 f:/gcc-arm-none-eabi/bin/../lib/gcc/arm-none-eabi/10.3.1/thumb/v7e-m+fp/hard/crtbegin.o
 .ARM.attributes
                0x00000052       0x34 CMakeFiles/PMSM_Openloop.elf.dir/Core/Src/adc.c.obj
 .ARM.attributes
                0x00000086       0x34 CMakeFiles/PMSM_Openloop.elf.dir/Core/Src/dma.c.obj
 .ARM.attributes
                0x000000ba       0x34 CMakeFiles/PMSM_Openloop.elf.dir/Core/Src/gpio.c.obj
 .ARM.attributes
                0x000000ee       0x34 CMakeFiles/PMSM_Openloop.elf.dir/Core/Src/main.c.obj
 .ARM.attributes
                0x00000122       0x34 CMakeFiles/PMSM_Openloop.elf.dir/Core/Src/retarget.c.obj
 .ARM.attributes
                0x00000156       0x34 CMakeFiles/PMSM_Openloop.elf.dir/Core/Src/stm32f4xx_hal_msp.c.obj
 .ARM.attributes
                0x0000018a       0x34 CMakeFiles/PMSM_Openloop.elf.dir/Core/Src/stm32f4xx_it.c.obj
 .ARM.attributes
                0x000001be       0x34 CMakeFiles/PMSM_Openloop.elf.dir/Core/Src/svpwm.c.obj
 .ARM.attributes
                0x000001f2       0x34 CMakeFiles/PMSM_Openloop.elf.dir/Core/Src/syscalls.c.obj
 .ARM.attributes
                0x00000226       0x34 CMakeFiles/PMSM_Openloop.elf.dir/Core/Src/sysmem.c.obj
 .ARM.attributes
                0x0000025a       0x34 CMakeFiles/PMSM_Openloop.elf.dir/Core/Src/system_stm32f4xx.c.obj
 .ARM.attributes
                0x0000028e       0x34 CMakeFiles/PMSM_Openloop.elf.dir/Core/Src/tim.c.obj
 .ARM.attributes
                0x000002c2       0x34 CMakeFiles/PMSM_Openloop.elf.dir/Core/Src/usart.c.obj
 .ARM.attributes
                0x000002f6       0x21 CMakeFiles/PMSM_Openloop.elf.dir/Core/Startup/startup_stm32f407zgtx.s.obj
 .ARM.attributes
                0x00000317       0x34 CMakeFiles/PMSM_Openloop.elf.dir/Drivers/STM32F4xx_HAL_Driver/Src/stm32f4xx_hal.c.obj
 .ARM.attributes
                0x0000034b       0x34 CMakeFiles/PMSM_Openloop.elf.dir/Drivers/STM32F4xx_HAL_Driver/Src/stm32f4xx_hal_adc.c.obj
 .ARM.attributes
                0x0000037f       0x34 CMakeFiles/PMSM_Openloop.elf.dir/Drivers/STM32F4xx_HAL_Driver/Src/stm32f4xx_hal_cortex.c.obj
 .ARM.attributes
                0x000003b3       0x34 CMakeFiles/PMSM_Openloop.elf.dir/Drivers/STM32F4xx_HAL_Driver/Src/stm32f4xx_hal_dma.c.obj
 .ARM.attributes
                0x000003e7       0x34 CMakeFiles/PMSM_Openloop.elf.dir/Drivers/STM32F4xx_HAL_Driver/Src/stm32f4xx_hal_gpio.c.obj
 .ARM.attributes
                0x0000041b       0x34 CMakeFiles/PMSM_Openloop.elf.dir/Drivers/STM32F4xx_HAL_Driver/Src/stm32f4xx_hal_rcc.c.obj
 .ARM.attributes
                0x0000044f       0x34 CMakeFiles/PMSM_Openloop.elf.dir/Drivers/STM32F4xx_HAL_Driver/Src/stm32f4xx_hal_tim.c.obj
 .ARM.attributes
                0x00000483       0x34 CMakeFiles/PMSM_Openloop.elf.dir/Drivers/STM32F4xx_HAL_Driver/Src/stm32f4xx_hal_tim_ex.c.obj
 .ARM.attributes
                0x000004b7       0x34 CMakeFiles/PMSM_Openloop.elf.dir/Drivers/STM32F4xx_HAL_Driver/Src/stm32f4xx_hal_uart.c.obj
 .ARM.attributes
                0x000004eb       0x34 C:/Users/DrSan/Desktop/PMSM_Openloop/Middlewares/ST/ARM/DSP/Lib/libarm_cortexM4lf_math.a(arm_sin_f32.o)
 .ARM.attributes
                0x0000051f       0x34 C:/Users/DrSan/Desktop/PMSM_Openloop/Middlewares/ST/ARM/DSP/Lib/libarm_cortexM4lf_math.a(arm_cos_f32.o)
 .ARM.attributes
                0x00000553       0x39 C:/Users/DrSan/Desktop/PMSM_Openloop/Middlewares/ST/ARM/DSP/Lib/libarm_cortexM4lf_math.a(arm_common_tables.o)
 .ARM.attributes
                0x0000058c       0x1e f:/gcc-arm-none-eabi/bin/../lib/gcc/arm-none-eabi/10.3.1/thumb/v7e-m+fp/hard\libgcc.a(_arm_addsubdf3.o)
 .ARM.attributes
                0x000005aa       0x1e f:/gcc-arm-none-eabi/bin/../lib/gcc/arm-none-eabi/10.3.1/thumb/v7e-m+fp/hard\libgcc.a(_arm_muldivdf3.o)
 .ARM.attributes
                0x000005c8       0x1e f:/gcc-arm-none-eabi/bin/../lib/gcc/arm-none-eabi/10.3.1/thumb/v7e-m+fp/hard\libgcc.a(_arm_truncdfsf2.o)
 .ARM.attributes
                0x000005e6       0x1e f:/gcc-arm-none-eabi/bin/../lib/gcc/arm-none-eabi/10.3.1/thumb/v7e-m+fp/hard\libgcc.a(_aeabi_uldivmod.o)
 .ARM.attributes
                0x00000604       0x34 f:/gcc-arm-none-eabi/bin/../lib/gcc/arm-none-eabi/10.3.1/thumb/v7e-m+fp/hard\libgcc.a(_udivmoddi4.o)
 .ARM.attributes
                0x00000638       0x1e f:/gcc-arm-none-eabi/bin/../lib/gcc/arm-none-eabi/10.3.1/thumb/v7e-m+fp/hard\libgcc.a(_dvmd_tls.o)
 .ARM.attributes
                0x00000656       0x34 f:/gcc-arm-none-eabi/bin/../lib/gcc/arm-none-eabi/10.3.1/../../../../arm-none-eabi/lib/thumb/v7e-m+fp/hard\libg.a(lib_a-errno.o)
 .ARM.attributes
                0x0000068a       0x34 f:/gcc-arm-none-eabi/bin/../lib/gcc/arm-none-eabi/10.3.1/../../../../arm-none-eabi/lib/thumb/v7e-m+fp/hard\libg.a(lib_a-impure.o)
 .ARM.attributes
                0x000006be       0x34 f:/gcc-arm-none-eabi/bin/../lib/gcc/arm-none-eabi/10.3.1/../../../../arm-none-eabi/lib/thumb/v7e-m+fp/hard\libg.a(lib_a-init.o)
 .ARM.attributes
                0x000006f2       0x34 f:/gcc-arm-none-eabi/bin/../lib/gcc/arm-none-eabi/10.3.1/../../../../arm-none-eabi/lib/thumb/v7e-m+fp/hard\libg.a(lib_a-memset.o)
 .ARM.attributes
                0x00000726       0x34 f:/gcc-arm-none-eabi/bin/../lib/gcc/arm-none-eabi/10.3.1/../../../../arm-none-eabi/lib/thumb/v7e-m+fp/hard\libg.a(lib_a-printf.o)
 .ARM.attributes
                0x0000075a       0x34 f:/gcc-arm-none-eabi/bin/../lib/gcc/arm-none-eabi/10.3.1/../../../../arm-none-eabi/lib/thumb/v7e-m+fp/hard\libg.a(lib_a-setvbuf.o)
 .ARM.attributes
                0x0000078e       0x34 f:/gcc-arm-none-eabi/bin/../lib/gcc/arm-none-eabi/10.3.1/../../../../arm-none-eabi/lib/thumb/v7e-m+fp/hard\libg.a(lib_a-vfprintf.o)
 .ARM.attributes
                0x000007c2       0x34 f:/gcc-arm-none-eabi/bin/../lib/gcc/arm-none-eabi/10.3.1/../../../../arm-none-eabi/lib/thumb/v7e-m+fp/hard\libg.a(lib_a-wsetup.o)
 .ARM.attributes
                0x000007f6       0x34 f:/gcc-arm-none-eabi/bin/../lib/gcc/arm-none-eabi/10.3.1/../../../../arm-none-eabi/lib/thumb/v7e-m+fp/hard\libg.a(lib_a-__call_atexit.o)
 .ARM.attributes
                0x0000082a       0x34 f:/gcc-arm-none-eabi/bin/../lib/gcc/arm-none-eabi/10.3.1/../../../../arm-none-eabi/lib/thumb/v7e-m+fp/hard\libg.a(lib_a-atexit.o)
 .ARM.attributes
                0x0000085e       0x34 f:/gcc-arm-none-eabi/bin/../lib/gcc/arm-none-eabi/10.3.1/../../../../arm-none-eabi/lib/thumb/v7e-m+fp/hard\libg.a(lib_a-dtoa.o)
 .ARM.attributes
                0x00000892       0x34 f:/gcc-arm-none-eabi/bin/../lib/gcc/arm-none-eabi/10.3.1/../../../../arm-none-eabi/lib/thumb/v7e-m+fp/hard\libg.a(lib_a-fflush.o)
 .ARM.attributes
                0x000008c6       0x34 f:/gcc-arm-none-eabi/bin/../lib/gcc/arm-none-eabi/10.3.1/../../../../arm-none-eabi/lib/thumb/v7e-m+fp/hard\libg.a(lib_a-findfp.o)
 .ARM.attributes
                0x000008fa       0x34 f:/gcc-arm-none-eabi/bin/../lib/gcc/arm-none-eabi/10.3.1/../../../../arm-none-eabi/lib/thumb/v7e-m+fp/hard\libg.a(lib_a-fini.o)
 .ARM.attributes
                0x0000092e       0x34 f:/gcc-arm-none-eabi/bin/../lib/gcc/arm-none-eabi/10.3.1/../../../../arm-none-eabi/lib/thumb/v7e-m+fp/hard\libg.a(lib_a-freer.o)
 .ARM.attributes
                0x00000962       0x34 f:/gcc-arm-none-eabi/bin/../lib/gcc/arm-none-eabi/10.3.1/../../../../arm-none-eabi/lib/thumb/v7e-m+fp/hard\libg.a(lib_a-fwalk.o)
 .ARM.attributes
                0x00000996       0x34 f:/gcc-arm-none-eabi/bin/../lib/gcc/arm-none-eabi/10.3.1/../../../../arm-none-eabi/lib/thumb/v7e-m+fp/hard\libg.a(lib_a-localeconv.o)
 .ARM.attributes
                0x000009ca       0x34 f:/gcc-arm-none-eabi/bin/../lib/gcc/arm-none-eabi/10.3.1/../../../../arm-none-eabi/lib/thumb/v7e-m+fp/hard\libg.a(lib_a-lock.o)
 .ARM.attributes
                0x000009fe       0x34 f:/gcc-arm-none-eabi/bin/../lib/gcc/arm-none-eabi/10.3.1/../../../../arm-none-eabi/lib/thumb/v7e-m+fp/hard\libg.a(lib_a-makebuf.o)
 .ARM.attributes
                0x00000a32       0x34 f:/gcc-arm-none-eabi/bin/../lib/gcc/arm-none-eabi/10.3.1/../../../../arm-none-eabi/lib/thumb/v7e-m+fp/hard\libg.a(lib_a-malloc.o)
 .ARM.attributes
                0x00000a66       0x34 f:/gcc-arm-none-eabi/bin/../lib/gcc/arm-none-eabi/10.3.1/../../../../arm-none-eabi/lib/thumb/v7e-m+fp/hard\libg.a(lib_a-mallocr.o)
 .ARM.attributes
                0x00000a9a       0x1c f:/gcc-arm-none-eabi/bin/../lib/gcc/arm-none-eabi/10.3.1/../../../../arm-none-eabi/lib/thumb/v7e-m+fp/hard\libg.a(lib_a-memchr.o)
 .ARM.attributes
                0x00000ab6       0x1c f:/gcc-arm-none-eabi/bin/../lib/gcc/arm-none-eabi/10.3.1/../../../../arm-none-eabi/lib/thumb/v7e-m+fp/hard\libg.a(lib_a-memcpy.o)
 .ARM.attributes
                0x00000ad2       0x34 f:/gcc-arm-none-eabi/bin/../lib/gcc/arm-none-eabi/10.3.1/../../../../arm-none-eabi/lib/thumb/v7e-m+fp/hard\libg.a(lib_a-mlock.o)
 .ARM.attributes
                0x00000b06       0x34 f:/gcc-arm-none-eabi/bin/../lib/gcc/arm-none-eabi/10.3.1/../../../../arm-none-eabi/lib/thumb/v7e-m+fp/hard\libg.a(lib_a-mprec.o)
 .ARM.attributes
                0x00000b3a       0x34 f:/gcc-arm-none-eabi/bin/../lib/gcc/arm-none-eabi/10.3.1/../../../../arm-none-eabi/lib/thumb/v7e-m+fp/hard\libg.a(lib_a-s_frexp.o)
 .ARM.attributes
                0x00000b6e       0x34 f:/gcc-arm-none-eabi/bin/../lib/gcc/arm-none-eabi/10.3.1/../../../../arm-none-eabi/lib/thumb/v7e-m+fp/hard\libg.a(lib_a-sbrkr.o)
 .ARM.attributes
                0x00000ba2       0x34 f:/gcc-arm-none-eabi/bin/../lib/gcc/arm-none-eabi/10.3.1/../../../../arm-none-eabi/lib/thumb/v7e-m+fp/hard\libg.a(lib_a-stdio.o)
 .ARM.attributes
                0x00000bd6       0x1c f:/gcc-arm-none-eabi/bin/../lib/gcc/arm-none-eabi/10.3.1/../../../../arm-none-eabi/lib/thumb/v7e-m+fp/hard\libg.a(lib_a-strlen.o)
 .ARM.attributes
                0x00000bf2       0x34 f:/gcc-arm-none-eabi/bin/../lib/gcc/arm-none-eabi/10.3.1/../../../../arm-none-eabi/lib/thumb/v7e-m+fp/hard\libg.a(lib_a-strncpy.o)
 .ARM.attributes
                0x00000c26       0x34 f:/gcc-arm-none-eabi/bin/../lib/gcc/arm-none-eabi/10.3.1/../../../../arm-none-eabi/lib/thumb/v7e-m+fp/hard\libg.a(lib_a-vfiprintf.o)
 .ARM.attributes
                0x00000c5a       0x34 f:/gcc-arm-none-eabi/bin/../lib/gcc/arm-none-eabi/10.3.1/../../../../arm-none-eabi/lib/thumb/v7e-m+fp/hard\libg.a(lib_a-writer.o)
 .ARM.attributes
                0x00000c8e       0x34 f:/gcc-arm-none-eabi/bin/../lib/gcc/arm-none-eabi/10.3.1/../../../../arm-none-eabi/lib/thumb/v7e-m+fp/hard\libg.a(lib_a-__atexit.o)
 .ARM.attributes
                0x00000cc2       0x34 f:/gcc-arm-none-eabi/bin/../lib/gcc/arm-none-eabi/10.3.1/../../../../arm-none-eabi/lib/thumb/v7e-m+fp/hard\libg.a(lib_a-assert.o)
 .ARM.attributes
                0x00000cf6       0x34 f:/gcc-arm-none-eabi/bin/../lib/gcc/arm-none-eabi/10.3.1/../../../../arm-none-eabi/lib/thumb/v7e-m+fp/hard\libg.a(lib_a-callocr.o)
 .ARM.attributes
                0x00000d2a       0x34 f:/gcc-arm-none-eabi/bin/../lib/gcc/arm-none-eabi/10.3.1/../../../../arm-none-eabi/lib/thumb/v7e-m+fp/hard\libg.a(lib_a-closer.o)
 .ARM.attributes
                0x00000d5e       0x34 f:/gcc-arm-none-eabi/bin/../lib/gcc/arm-none-eabi/10.3.1/../../../../arm-none-eabi/lib/thumb/v7e-m+fp/hard\libg.a(lib_a-fclose.o)
 .ARM.attributes
                0x00000d92       0x34 f:/gcc-arm-none-eabi/bin/../lib/gcc/arm-none-eabi/10.3.1/../../../../arm-none-eabi/lib/thumb/v7e-m+fp/hard\libg.a(lib_a-fiprintf.o)
 .ARM.attributes
                0x00000dc6       0x34 f:/gcc-arm-none-eabi/bin/../lib/gcc/arm-none-eabi/10.3.1/../../../../arm-none-eabi/lib/thumb/v7e-m+fp/hard\libg.a(lib_a-fputwc.o)
 .ARM.attributes
                0x00000dfa       0x34 f:/gcc-arm-none-eabi/bin/../lib/gcc/arm-none-eabi/10.3.1/../../../../arm-none-eabi/lib/thumb/v7e-m+fp/hard\libg.a(lib_a-fstatr.o)
 .ARM.attributes
                0x00000e2e       0x34 f:/gcc-arm-none-eabi/bin/../lib/gcc/arm-none-eabi/10.3.1/../../../../arm-none-eabi/lib/thumb/v7e-m+fp/hard\libg.a(lib_a-fvwrite.o)
 .ARM.attributes
                0x00000e62       0x34 f:/gcc-arm-none-eabi/bin/../lib/gcc/arm-none-eabi/10.3.1/../../../../arm-none-eabi/lib/thumb/v7e-m+fp/hard\libg.a(lib_a-isattyr.o)
 .ARM.attributes
                0x00000e96       0x34 f:/gcc-arm-none-eabi/bin/../lib/gcc/arm-none-eabi/10.3.1/../../../../arm-none-eabi/lib/thumb/v7e-m+fp/hard\libg.a(lib_a-locale.o)
 .ARM.attributes
                0x00000eca       0x34 f:/gcc-arm-none-eabi/bin/../lib/gcc/arm-none-eabi/10.3.1/../../../../arm-none-eabi/lib/thumb/v7e-m+fp/hard\libg.a(lib_a-lseekr.o)
 .ARM.attributes
                0x00000efe       0x34 f:/gcc-arm-none-eabi/bin/../lib/gcc/arm-none-eabi/10.3.1/../../../../arm-none-eabi/lib/thumb/v7e-m+fp/hard\libg.a(lib_a-mbtowc_r.o)
 .ARM.attributes
                0x00000f32       0x34 f:/gcc-arm-none-eabi/bin/../lib/gcc/arm-none-eabi/10.3.1/../../../../arm-none-eabi/lib/thumb/v7e-m+fp/hard\libg.a(lib_a-memmove.o)
 .ARM.attributes
                0x00000f66       0x34 f:/gcc-arm-none-eabi/bin/../lib/gcc/arm-none-eabi/10.3.1/../../../../arm-none-eabi/lib/thumb/v7e-m+fp/hard\libg.a(lib_a-readr.o)
 .ARM.attributes
                0x00000f9a       0x34 f:/gcc-arm-none-eabi/bin/../lib/gcc/arm-none-eabi/10.3.1/../../../../arm-none-eabi/lib/thumb/v7e-m+fp/hard\libg.a(lib_a-reallocr.o)
 .ARM.attributes
                0x00000fce       0x34 f:/gcc-arm-none-eabi/bin/../lib/gcc/arm-none-eabi/10.3.1/../../../../arm-none-eabi/lib/thumb/v7e-m+fp/hard\libg.a(lib_a-reent.o)
 .ARM.attributes
                0x00001002       0x34 f:/gcc-arm-none-eabi/bin/../lib/gcc/arm-none-eabi/10.3.1/../../../../arm-none-eabi/lib/thumb/v7e-m+fp/hard\libg.a(lib_a-wbuf.o)
 .ARM.attributes
                0x00001036       0x34 f:/gcc-arm-none-eabi/bin/../lib/gcc/arm-none-eabi/10.3.1/../../../../arm-none-eabi/lib/thumb/v7e-m+fp/hard\libg.a(lib_a-wcrtomb.o)
 .ARM.attributes
                0x0000106a       0x34 f:/gcc-arm-none-eabi/bin/../lib/gcc/arm-none-eabi/10.3.1/../../../../arm-none-eabi/lib/thumb/v7e-m+fp/hard\libg.a(lib_a-wctomb_r.o)
 .ARM.attributes
                0x0000109e       0x34 f:/gcc-arm-none-eabi/bin/../lib/gcc/arm-none-eabi/10.3.1/../../../../arm-none-eabi/lib/thumb/v7e-m+fp/hard\libg.a(lib_a-abort.o)
 .ARM.attributes
                0x000010d2       0x34 f:/gcc-arm-none-eabi/bin/../lib/gcc/arm-none-eabi/10.3.1/../../../../arm-none-eabi/lib/thumb/v7e-m+fp/hard\libg.a(lib_a-ctype_.o)
 .ARM.attributes
                0x00001106       0x34 f:/gcc-arm-none-eabi/bin/../lib/gcc/arm-none-eabi/10.3.1/../../../../arm-none-eabi/lib/thumb/v7e-m+fp/hard\libg.a(lib_a-signal.o)
 .ARM.attributes
                0x0000113a       0x34 f:/gcc-arm-none-eabi/bin/../lib/gcc/arm-none-eabi/10.3.1/../../../../arm-none-eabi/lib/thumb/v7e-m+fp/hard\libg.a(lib_a-signalr.o)
 .ARM.attributes
                0x0000116e       0x1e f:/gcc-arm-none-eabi/bin/../lib/gcc/arm-none-eabi/10.3.1/thumb/v7e-m+fp/hard\libgcc.a(_arm_cmpdf2.o)
 .ARM.attributes
                0x0000118c       0x1e f:/gcc-arm-none-eabi/bin/../lib/gcc/arm-none-eabi/10.3.1/thumb/v7e-m+fp/hard\libgcc.a(_arm_unorddf2.o)
 .ARM.attributes
                0x000011aa       0x1e f:/gcc-arm-none-eabi/bin/../lib/gcc/arm-none-eabi/10.3.1/thumb/v7e-m+fp/hard\libgcc.a(_arm_fixdfsi.o)
 .ARM.attributes
                0x000011c8       0x1e f:/gcc-arm-none-eabi/bin/../lib/gcc/arm-none-eabi/10.3.1/thumb/v7e-m+fp/hard/crtn.o
OUTPUT(PMSM_Openloop.elf elf32-littlearm)
LOAD linker stubs
LOAD f:/gcc-arm-none-eabi/bin/../lib/gcc/arm-none-eabi/10.3.1/../../../../arm-none-eabi/lib/thumb/v7e-m+fp/hard\libc.a
LOAD f:/gcc-arm-none-eabi/bin/../lib/gcc/arm-none-eabi/10.3.1/../../../../arm-none-eabi/lib/thumb/v7e-m+fp/hard\libm.a
LOAD f:/gcc-arm-none-eabi/bin/../lib/gcc/arm-none-eabi/10.3.1/thumb/v7e-m+fp/hard\libgcc.a

.debug_info     0x00000000    0x1a0c6
 .debug_info    0x00000000      0xbf6 CMakeFiles/PMSM_Openloop.elf.dir/Core/Src/adc.c.obj
 .debug_info    0x00000bf6      0x532 CMakeFiles/PMSM_Openloop.elf.dir/Core/Src/dma.c.obj
 .debug_info    0x00001128      0x7c6 CMakeFiles/PMSM_Openloop.elf.dir/Core/Src/gpio.c.obj
 .debug_info    0x000018ee     0x1947 CMakeFiles/PMSM_Openloop.elf.dir/Core/Src/main.c.obj
 .debug_info    0x00003235     0x12ff CMakeFiles/PMSM_Openloop.elf.dir/Core/Src/retarget.c.obj
 .debug_info    0x00004534      0x2a4 CMakeFiles/PMSM_Openloop.elf.dir/Core/Src/stm32f4xx_hal_msp.c.obj
 .debug_info    0x000047d8      0x4b5 CMakeFiles/PMSM_Openloop.elf.dir/Core/Src/stm32f4xx_it.c.obj
 .debug_info    0x00004c8d      0x364 CMakeFiles/PMSM_Openloop.elf.dir/Core/Src/svpwm.c.obj
 .debug_info    0x00004ff1      0x6ca CMakeFiles/PMSM_Openloop.elf.dir/Core/Src/syscalls.c.obj
 .debug_info    0x000056bb      0x174 CMakeFiles/PMSM_Openloop.elf.dir/Core/Src/sysmem.c.obj
 .debug_info    0x0000582f      0x538 CMakeFiles/PMSM_Openloop.elf.dir/Core/Src/system_stm32f4xx.c.obj
 .debug_info    0x00005d67     0x10e5 CMakeFiles/PMSM_Openloop.elf.dir/Core/Src/tim.c.obj
 .debug_info    0x00006e4c      0x9ce CMakeFiles/PMSM_Openloop.elf.dir/Core/Src/usart.c.obj
 .debug_info    0x0000781a       0x22 CMakeFiles/PMSM_Openloop.elf.dir/Core/Startup/startup_stm32f407zgtx.s.obj
 .debug_info    0x0000783c      0x9f0 CMakeFiles/PMSM_Openloop.elf.dir/Drivers/STM32F4xx_HAL_Driver/Src/stm32f4xx_hal.c.obj
 .debug_info    0x0000822c      0xee1 CMakeFiles/PMSM_Openloop.elf.dir/Drivers/STM32F4xx_HAL_Driver/Src/stm32f4xx_hal_adc.c.obj
 .debug_info    0x0000910d     0x1098 CMakeFiles/PMSM_Openloop.elf.dir/Drivers/STM32F4xx_HAL_Driver/Src/stm32f4xx_hal_cortex.c.obj
 .debug_info    0x0000a1a5      0xb3f CMakeFiles/PMSM_Openloop.elf.dir/Drivers/STM32F4xx_HAL_Driver/Src/stm32f4xx_hal_dma.c.obj
 .debug_info    0x0000ace4      0x7b0 CMakeFiles/PMSM_Openloop.elf.dir/Drivers/STM32F4xx_HAL_Driver/Src/stm32f4xx_hal_gpio.c.obj
 .debug_info    0x0000b494      0xb03 CMakeFiles/PMSM_Openloop.elf.dir/Drivers/STM32F4xx_HAL_Driver/Src/stm32f4xx_hal_rcc.c.obj
 .debug_info    0x0000bf97     0x3d5b CMakeFiles/PMSM_Openloop.elf.dir/Drivers/STM32F4xx_HAL_Driver/Src/stm32f4xx_hal_tim.c.obj
 .debug_info    0x0000fcf2     0x1ade CMakeFiles/PMSM_Openloop.elf.dir/Drivers/STM32F4xx_HAL_Driver/Src/stm32f4xx_hal_tim_ex.c.obj
 .debug_info    0x000117d0     0x424e CMakeFiles/PMSM_Openloop.elf.dir/Drivers/STM32F4xx_HAL_Driver/Src/stm32f4xx_hal_uart.c.obj
 .debug_info    0x00015a1e     0x1612 C:/Users/DrSan/Desktop/PMSM_Openloop/Middlewares/ST/ARM/DSP/Lib/libarm_cortexM4lf_math.a(arm_sin_f32.o)
 .debug_info    0x00017030     0x1612 C:/Users/DrSan/Desktop/PMSM_Openloop/Middlewares/ST/ARM/DSP/Lib/libarm_cortexM4lf_math.a(arm_cos_f32.o)
 .debug_info    0x00018642     0x1a84 C:/Users/DrSan/Desktop/PMSM_Openloop/Middlewares/ST/ARM/DSP/Lib/libarm_cortexM4lf_math.a(arm_common_tables.o)

.debug_abbrev   0x00000000     0x31d0
 .debug_abbrev  0x00000000      0x1db CMakeFiles/PMSM_Openloop.elf.dir/Core/Src/adc.c.obj
 .debug_abbrev  0x000001db      0x126 CMakeFiles/PMSM_Openloop.elf.dir/Core/Src/dma.c.obj
 .debug_abbrev  0x00000301      0x16a CMakeFiles/PMSM_Openloop.elf.dir/Core/Src/gpio.c.obj
 .debug_abbrev  0x0000046b      0x32b CMakeFiles/PMSM_Openloop.elf.dir/Core/Src/main.c.obj
 .debug_abbrev  0x00000796      0x2b4 CMakeFiles/PMSM_Openloop.elf.dir/Core/Src/retarget.c.obj
 .debug_abbrev  0x00000a4a       0xd1 CMakeFiles/PMSM_Openloop.elf.dir/Core/Src/stm32f4xx_hal_msp.c.obj
 .debug_abbrev  0x00000b1b      0x17e CMakeFiles/PMSM_Openloop.elf.dir/Core/Src/stm32f4xx_it.c.obj
 .debug_abbrev  0x00000c99       0xd3 CMakeFiles/PMSM_Openloop.elf.dir/Core/Src/svpwm.c.obj
 .debug_abbrev  0x00000d6c      0x1a3 CMakeFiles/PMSM_Openloop.elf.dir/Core/Src/syscalls.c.obj
 .debug_abbrev  0x00000f0f       0xe7 CMakeFiles/PMSM_Openloop.elf.dir/Core/Src/sysmem.c.obj